Archive member included to satisfy reference by file (symbol)

c:/nxp/mcuxpressoide_10.2.1_795/ide/tools/bin/../lib/gcc/arm-none-eabi/7.2.1/../../../../arm-none-eabi/lib/thumb/v6-m\libcr_semihost_nf.a(_cr__main.o)
                              ./startup/startup_mkl25z4.o (__main)
c:/nxp/mcuxpressoide_10.2.1_795/ide/tools/bin/../lib/gcc/arm-none-eabi/7.2.1/../../../../arm-none-eabi/lib/thumb/v6-m\libcr_semihost_nf.a(_cr_assert.o)
                              ./drivers/fsl_adc16.o (__assertion_failed)
c:/nxp/mcuxpressoide_10.2.1_795/ide/tools/bin/../lib/gcc/arm-none-eabi/7.2.1/../../../../arm-none-eabi/lib/thumb/v6-m\libcr_semihost_nf.a(__ciob.o)
                              c:/nxp/mcuxpressoide_10.2.1_795/ide/tools/bin/../lib/gcc/arm-none-eabi/7.2.1/../../../../arm-none-eabi/lib/thumb/v6-m\libcr_semihost_nf.a(_cr_assert.o) (__Ciob)
c:/nxp/mcuxpressoide_10.2.1_795/ide/tools/bin/../lib/gcc/arm-none-eabi/7.2.1/../../../../arm-none-eabi/lib/thumb/v6-m\libcr_semihost_nf.a(__sys_appexit.o)
                              c:/nxp/mcuxpressoide_10.2.1_795/ide/tools/bin/../lib/gcc/arm-none-eabi/7.2.1/../../../../arm-none-eabi/lib/thumb/v6-m\libcr_semihost_nf.a(_cr_assert.o) (__sys_appexit)
c:/nxp/mcuxpressoide_10.2.1_795/ide/tools/bin/../lib/gcc/arm-none-eabi/7.2.1/../../../../arm-none-eabi/lib/thumb/v6-m\libcr_c.a(memcpy.o)
                              ./drivers/fsl_flash.o (memcpy)
c:/nxp/mcuxpressoide_10.2.1_795/ide/tools/bin/../lib/gcc/arm-none-eabi/7.2.1/../../../../arm-none-eabi/lib/thumb/v6-m\libcr_c.a(memset.o)
                              ./drivers/fsl_dma.o (memset)
c:/nxp/mcuxpressoide_10.2.1_795/ide/tools/bin/../lib/gcc/arm-none-eabi/7.2.1/../../../../arm-none-eabi/lib/thumb/v6-m\libcr_c.a(_deferredlazyseek.o)
                              c:/nxp/mcuxpressoide_10.2.1_795/ide/tools/bin/../lib/gcc/arm-none-eabi/7.2.1/../../../../arm-none-eabi/lib/thumb/v6-m\libcr_semihost_nf.a(_cr_assert.o) (__flsbuf)
c:/nxp/mcuxpressoide_10.2.1_795/ide/tools/bin/../lib/gcc/arm-none-eabi/7.2.1/../../../../arm-none-eabi/lib/thumb/v6-m\libcr_c.a(_fflush.o)
                              c:/nxp/mcuxpressoide_10.2.1_795/ide/tools/bin/../lib/gcc/arm-none-eabi/7.2.1/../../../../arm-none-eabi/lib/thumb/v6-m\libcr_c.a(_deferredlazyseek.o) (_fflush)
c:/nxp/mcuxpressoide_10.2.1_795/ide/tools/bin/../lib/gcc/arm-none-eabi/7.2.1/../../../../arm-none-eabi/lib/thumb/v6-m\libcr_c.a(_writebuf.o)
                              c:/nxp/mcuxpressoide_10.2.1_795/ide/tools/bin/../lib/gcc/arm-none-eabi/7.2.1/../../../../arm-none-eabi/lib/thumb/v6-m\libcr_c.a(_deferredlazyseek.o) (_Cwritebuf)
c:/nxp/mcuxpressoide_10.2.1_795/ide/tools/bin/../lib/gcc/arm-none-eabi/7.2.1/../../../../arm-none-eabi/lib/thumb/v6-m\libcr_c.a(alloc.o)
                              c:/nxp/mcuxpressoide_10.2.1_795/ide/tools/bin/../lib/gcc/arm-none-eabi/7.2.1/../../../../arm-none-eabi/lib/thumb/v6-m\libcr_c.a(_deferredlazyseek.o) (_Csys_alloc)
c:/nxp/mcuxpressoide_10.2.1_795/ide/tools/bin/../lib/gcc/arm-none-eabi/7.2.1/../../../../arm-none-eabi/lib/thumb/v6-m\libcr_c.a(fputs.o)
                              c:/nxp/mcuxpressoide_10.2.1_795/ide/tools/bin/../lib/gcc/arm-none-eabi/7.2.1/../../../../arm-none-eabi/lib/thumb/v6-m\libcr_semihost_nf.a(_cr_assert.o) (fputs)
c:/nxp/mcuxpressoide_10.2.1_795/ide/tools/bin/../lib/gcc/arm-none-eabi/7.2.1/../../../../arm-none-eabi/lib/thumb/v6-m\libcr_c.a(fseek.o)
                              c:/nxp/mcuxpressoide_10.2.1_795/ide/tools/bin/../lib/gcc/arm-none-eabi/7.2.1/../../../../arm-none-eabi/lib/thumb/v6-m\libcr_c.a(_deferredlazyseek.o) (fseek)
c:/nxp/mcuxpressoide_10.2.1_795/ide/tools/bin/../lib/gcc/arm-none-eabi/7.2.1/../../../../arm-none-eabi/lib/thumb/v6-m\libcr_c.a(ftell.o)
                              c:/nxp/mcuxpressoide_10.2.1_795/ide/tools/bin/../lib/gcc/arm-none-eabi/7.2.1/../../../../arm-none-eabi/lib/thumb/v6-m\libcr_c.a(fseek.o) (ftell)
c:/nxp/mcuxpressoide_10.2.1_795/ide/tools/bin/../lib/gcc/arm-none-eabi/7.2.1/../../../../arm-none-eabi/lib/thumb/v6-m\libcr_c.a(initio.o)
                              c:/nxp/mcuxpressoide_10.2.1_795/ide/tools/bin/../lib/gcc/arm-none-eabi/7.2.1/../../../../arm-none-eabi/lib/thumb/v6-m\libcr_semihost_nf.a(_cr__main.o) (_initio)
c:/nxp/mcuxpressoide_10.2.1_795/ide/tools/bin/../lib/gcc/arm-none-eabi/7.2.1/../../../../arm-none-eabi/lib/thumb/v6-m\libcr_c.a(setvbuf.o)
                              c:/nxp/mcuxpressoide_10.2.1_795/ide/tools/bin/../lib/gcc/arm-none-eabi/7.2.1/../../../../arm-none-eabi/lib/thumb/v6-m\libcr_c.a(initio.o) (setvbuf)
c:/nxp/mcuxpressoide_10.2.1_795/ide/tools/bin/../lib/gcc/arm-none-eabi/7.2.1/../../../../arm-none-eabi/lib/thumb/v6-m\libcr_c.a(__init_alloc.o)
                              c:/nxp/mcuxpressoide_10.2.1_795/ide/tools/bin/../lib/gcc/arm-none-eabi/7.2.1/../../../../arm-none-eabi/lib/thumb/v6-m\libcr_c.a(alloc.o) (__heaps)
[...]
Memory Configuration

Name             Origin             Length             Attributes
PROGRAM_FLASH    0x00000000         0x00020000         xr
SRAM             0x1ffff000         0x00004000         xrw
*default*        0x00000000         0xffffffff

Linker script and memory map

LOAD ./utilities/fsl_debug_console.o
LOAD ./startup/startup_mkl25z4.o
LOAD ./source/Timer.o
LOAD ./source/mtb.o
LOAD ./source/semihost_hardfault.o
LOAD ./source/sysTick.o
LOAD ./drivers/fsl_adc16.o
LOAD ./drivers/fsl_clock.o
LOAD ./drivers/fsl_cmp.o
LOAD ./drivers/fsl_common.o
LOAD ./drivers/fsl_cop.o
LOAD ./drivers/fsl_dac.o
LOAD ./drivers/fsl_dma.o
LOAD ./drivers/fsl_dmamux.o
LOAD ./drivers/fsl_flash.o
LOAD ./drivers/fsl_gpio.o
LOAD ./drivers/fsl_i2c.o
LOAD ./drivers/fsl_i2c_dma.o
LOAD ./drivers/fsl_llwu.o
LOAD ./drivers/fsl_lpsci.o
LOAD ./drivers/fsl_lpsci_dma.o
LOAD ./drivers/fsl_lptmr.o
LOAD ./drivers/fsl_pit.o
LOAD ./drivers/fsl_pmc.o
LOAD ./drivers/fsl_rcm.o
LOAD ./drivers/fsl_rtc.o
LOAD ./drivers/fsl_sim.o
LOAD ./drivers/fsl_smc.o
LOAD ./drivers/fsl_spi.o
LOAD ./drivers/fsl_spi_dma.o
LOAD ./drivers/fsl_tpm.o
LOAD ./drivers/fsl_tsi_v4.o
LOAD ./drivers/fsl_uart.o
LOAD ./drivers/fsl_uart_dma.o
LOAD ./board/board.o
LOAD ./board/clock_config.o
LOAD ./board/peripherals.o
LOAD ./board/pin_mux.o
LOAD ./CMSIS/system_MKL25Z4.o
START GROUP
LOAD c:/nxp/mcuxpressoide_10.2.1_795/ide/tools/bin/../lib/gcc/arm-none-eabi/7.2.1/../../../../arm-none-eabi/lib/thumb/v6-m\libcr_semihost_nf.a
LOAD c:/nxp/mcuxpressoide_10.2.1_795/ide/tools/bin/../lib/gcc/arm-none-eabi/7.2.1/../../../../arm-none-eabi/lib/thumb/v6-m\libcr_c.a
LOAD c:/nxp/mcuxpressoide_10.2.1_795/ide/tools/bin/../lib/gcc/arm-none-eabi/7.2.1/thumb/v6-m\libcr_eabihelpers.a
END GROUP
                0x00000000                __base_PROGRAM_FLASH = 0x0
                0x00000000                __base_Flash = 0x0
                0x00020000                __top_PROGRAM_FLASH = 0x20000
                0x00020000                __top_Flash = 0x20000
                0x1ffff000                __base_SRAM = 0x1ffff000
                0x1ffff000                __base_RAM = 0x1ffff000
                0x20003000                __top_SRAM = 0x20003000
                0x20003000                __top_RAM = 0x20003000

.text           0x00000000     0x33ac
 FILL mask 0xff
                0x00000000                __vectors_start__ = ABSOLUTE (.)
 *(.isr_vector)
 .isr_vector    0x00000000       0xc0 ./startup/startup_mkl25z4.o
                0x00000000                g_pfnVectors
                0x00000000                __Vectors
                0x000000c0                . = ALIGN (0x4)
                0x000000c0                __section_table_start = .
                0x000000c0                __data_section_table = .
                0x000000c0        0x4 LONG 0x33ac LOADADDR (.data)
                0x000000c4        0x4 LONG 0x1ffff080 ADDR (.data)
                0x000000c8        0x4 LONG 0x8 SIZEOF (.data)
                0x000000cc                __data_section_table_end = .
                0x000000cc                __bss_section_table = .
                0x000000cc        0x4 LONG 0x1ffff088 ADDR (.bss)
                0x000000d0        0x4 LONG 0x11c SIZEOF (.bss)
                0x000000d4                __bss_section_table_end = .
                0x000000d4                __section_table_end = .
 *(.after_vectors*)
 .after_vectors.init_data
                0x000000d4       0x16 ./startup/startup_mkl25z4.o
                0x000000d4                data_init
 .after_vectors.init_bss
                0x000000ea       0x12 ./startup/startup_mkl25z4.o
                0x000000ea                bss_init
 .after_vectors.reset
                0x000000fc       0x4c ./startup/startup_mkl25z4.o
                0x000000fc                ResetISR
 .after_vectors
                0x00000148      0x10c ./startup/startup_mkl25z4.o
                0x00000148                NMI_Handler
                0x0000014c                SVC_Handler
                0x0000014e                PendSV_Handler
                0x00000152                LPTMR0_DriverIRQHandler
                0x00000152                PORTD_DriverIRQHandler
                0x00000152                Reserved39_DriverIRQHandler
                0x00000152                CMP0_DriverIRQHandler
                0x00000152                ADC0_DriverIRQHandler
                0x00000152                TPM0_DriverIRQHandler
                0x00000152                TPM2_DriverIRQHandler
                0x00000152                PIT_DriverIRQHandler
                0x00000152                RTC_DriverIRQHandler
                0x00000152                TSI0_DriverIRQHandler
                0x00000152                RTC_Seconds_DriverIRQHandler
                0x00000152                TPM1_DriverIRQHandler
                0x00000152                PORTA_DriverIRQHandler
                0x00000152                LLWU_DriverIRQHandler
                0x00000152                MCG_DriverIRQHandler
                0x00000152                Reserved45_DriverIRQHandler
                0x00000152                Reserved20_DriverIRQHandler
                0x00000152                DAC0_DriverIRQHandler
                0x00000152                FTFA_DriverIRQHandler
                0x00000152                IntDefaultHandler
                0x00000152                USB0_DriverIRQHandler
                0x00000152                LVD_LVW_DriverIRQHandler
                0x00000154                DMA0_IRQHandler
                0x0000015c                DMA1_IRQHandler
                0x00000164                DMA2_IRQHandler
                0x0000016c                DMA3_IRQHandler
                0x00000174                Reserved20_IRQHandler
                0x0000017c                FTFA_IRQHandler
                0x00000184                LVD_LVW_IRQHandler
                0x0000018c                LLWU_IRQHandler
                0x00000194                I2C0_IRQHandler
                0x0000019c                I2C1_IRQHandler
                0x000001a4                SPI0_IRQHandler
                0x000001ac                SPI1_IRQHandler
                0x000001b4                UART0_IRQHandler
                0x000001bc                UART1_IRQHandler
                0x000001c4                UART2_IRQHandler
                0x000001cc                ADC0_IRQHandler
                0x000001d4                CMP0_IRQHandler
                0x000001dc                TPM0_IRQHandler
                0x000001e4                TPM1_IRQHandler
                0x000001ec                TPM2_IRQHandler
                0x000001f4                RTC_IRQHandler
                0x000001fc                RTC_Seconds_IRQHandler
                0x00000204                PIT_IRQHandler
                0x0000020c                Reserved39_IRQHandler
                0x00000214                USB0_IRQHandler
                0x0000021c                DAC0_IRQHandler
                0x00000224                TSI0_IRQHandler
                0x0000022c                MCG_IRQHandler
                0x00000234                LPTMR0_IRQHandler
                0x0000023c                Reserved45_IRQHandler
                0x00000244                PORTA_IRQHandler
                0x0000024c                PORTD_IRQHandler
                0x00000400                . = 0x400
 *fill*         0x00000254      0x1ac ff
                0x00000400                PROVIDE (__FLASH_CONFIG_START__, .)
 *(.FlashConfig)
 .FlashConfig   0x00000400       0x10 ./startup/startup_mkl25z4.o
                0x00000400                Flash_Config
                0x00000410                PROVIDE (__FLASH_CONFIG_END__, .)
                0x00000001                ASSERT (! ((__FLASH_CONFIG_START__ == __FLASH_CONFIG_END__)), Linker Flash Config Support Enabled, but no .FlashConfig section provided within application)
 *(.text*)
 .text.UART_EnableTx
                0x00000410       0x40 ./utilities/fsl_debug_console.o
 .text.UART_EnableRx
                0x00000450       0x40 ./utilities/fsl_debug_console.o
 .text.LPSCI_EnableTx
                0x00000490       0x40 ./utilities/fsl_debug_console.o
 .text.LPSCI_EnableRx
                0x000004d0       0x40 ./utilities/fsl_debug_console.o
 .text.DbgConsole_Init
                0x00000510       0xf4 ./utilities/fsl_debug_console.o
                0x00000510                DbgConsole_Init
 .text.main     0x00000604       0x58 ./source/Timer.o
                0x00000604                main
 .text.HardFault_Handler
                0x0000065c       0x30 ./source/semihost_hardfault.o
                0x0000065c                HardFault_Handler
 .text.NVIC_ClearPendingIRQ
                0x0000068c       0x30 ./source/sysTick.o
 .text.NVIC_SetPriority
                0x000006bc       0xdc ./source/sysTick.o
 .text.initLED  0x00000798       0x58 ./source/sysTick.o
                0x00000798                initLED
 .text.initSystickTmr
                0x000007f0       0x40 ./source/sysTick.o
                0x000007f0                initSystickTmr
 .text.SysTick_Handler
                0x00000830       0x20 ./source/sysTick.o
                0x00000830                SysTick_Handler
 .text.CLOCK_GetMcgExtClkFreq
                0x00000850       0x28 ./drivers/fsl_clock.o
 .text.CLOCK_GetFllExtRefClkFreq
                0x00000878       0xa4 ./drivers/fsl_clock.o
 .text.CLOCK_GetFllRefClkFreq
                0x0000091c       0x2c ./drivers/fsl_clock.o
 .text.CLOCK_GetPll0RefFreq
                0x00000948       0x10 ./drivers/fsl_clock.o
 .text.CLOCK_GetPllFllSelClkFreq
                0x00000958       0x4c ./drivers/fsl_clock.o
                0x00000958                CLOCK_GetPllFllSelClkFreq
 .text.CLOCK_GetFllFreq
                0x000009a4       0x84 ./drivers/fsl_clock.o
                0x000009a4                CLOCK_GetFllFreq
 .text.CLOCK_GetPll0Freq
                0x00000a28       0x70 ./drivers/fsl_clock.o
                0x00000a28                CLOCK_GetPll0Freq
 .text.DMA_ClearChannelStatusFlags
                0x00000a98       0x54 ./drivers/fsl_dma.o
 .text.DMA_HandleIRQ
                0x00000aec       0x4c ./drivers/fsl_dma.o
                0x00000aec                DMA_HandleIRQ
 .text.DMA0_DriverIRQHandler
                0x00000b38       0x18 ./drivers/fsl_dma.o
                0x00000b38                DMA0_DriverIRQHandler
 .text.DMA1_DriverIRQHandler
                0x00000b50       0x18 ./drivers/fsl_dma.o
                0x00000b50                DMA1_DriverIRQHandler
 .text.DMA2_DriverIRQHandler
                0x00000b68       0x18 ./drivers/fsl_dma.o
                0x00000b68                DMA2_DriverIRQHandler
 .text.DMA3_DriverIRQHandler
                0x00000b80       0x18 ./drivers/fsl_dma.o
                0x00000b80                DMA3_DriverIRQHandler
 .text.I2C_TransferCommonIRQHandler
                0x00000b98       0x54 ./drivers/fsl_i2c.o
 .text.I2C0_DriverIRQHandler
                0x00000bec       0x20 ./drivers/fsl_i2c.o
                0x00000bec                I2C0_DriverIRQHandler
 .text.I2C1_DriverIRQHandler
                0x00000c0c       0x20 ./drivers/fsl_i2c.o
                0x00000c0c                I2C1_DriverIRQHandler
 .text.CLOCK_EnableClock
                0x00000c2c       0x34 ./drivers/fsl_lpsci.o
 .text.LPSCI_GetInstance
                0x00000c60       0x48 ./drivers/fsl_lpsci.o
                0x00000c60                LPSCI_GetInstance
 .text.LPSCI_Init
                0x00000ca8      0x260 ./drivers/fsl_lpsci.o
                0x00000ca8                LPSCI_Init
 .text.LPSCI_GetDefaultConfig
                0x00000f08       0x44 ./drivers/fsl_lpsci.o
                0x00000f08                LPSCI_GetDefaultConfig
 .text.LPSCI_GetStatusFlags
                0x00000f4c       0x26 ./drivers/fsl_lpsci.o
                0x00000f4c                LPSCI_GetStatusFlags
 *fill*         0x00000f72        0x2 ff
 .text.LPSCI_ClearStatusFlags
                0x00000f74       0x94 ./drivers/fsl_lpsci.o
                0x00000f74                LPSCI_ClearStatusFlags
 .text.LPSCI_WriteBlocking
                0x00001008       0x4c ./drivers/fsl_lpsci.o
                0x00001008                LPSCI_WriteBlocking
 .text.LPSCI_ReadBlocking
                0x00001054       0xc0 ./drivers/fsl_lpsci.o
                0x00001054                LPSCI_ReadBlocking
 .text.UART0_DriverIRQHandler
                0x00001114       0x24 ./drivers/fsl_lpsci.o
                0x00001114                UART0_DriverIRQHandler
 .text.SPI_CommonIRQHandler
                0x00001138       0x54 ./drivers/fsl_spi.o
 .text.SPI0_DriverIRQHandler
                0x0000118c       0x30 ./drivers/fsl_spi.o
                0x0000118c                SPI0_DriverIRQHandler
 .text.SPI1_DriverIRQHandler
                0x000011bc       0x30 ./drivers/fsl_spi.o
                0x000011bc                SPI1_DriverIRQHandler
 .text.CLOCK_EnableClock
                0x000011ec       0x34 ./drivers/fsl_uart.o
 .text.UART_GetInstance
                0x00001220       0x54 ./drivers/fsl_uart.o
                0x00001220                UART_GetInstance
 .text.UART_Init
                0x00001274      0x1e8 ./drivers/fsl_uart.o
                0x00001274                UART_Init
 .text.UART_GetDefaultConfig
                0x0000145c       0x44 ./drivers/fsl_uart.o
                0x0000145c                UART_GetDefaultConfig
 .text.UART_GetStatusFlags
                0x000014a0       0x26 ./drivers/fsl_uart.o
                0x000014a0                UART_GetStatusFlags
 .text.UART_WriteBlocking
                0x000014c6       0x3a ./drivers/fsl_uart.o
                0x000014c6                UART_WriteBlocking
 .text.UART_ReadBlocking
                0x00001500       0x98 ./drivers/fsl_uart.o
                0x00001500                UART_ReadBlocking
 .text.UART1_DriverIRQHandler
                0x00001598       0x24 ./drivers/fsl_uart.o
                0x00001598                UART1_DriverIRQHandler
 .text.UART2_DriverIRQHandler
                0x000015bc       0x24 ./drivers/fsl_uart.o
                0x000015bc                UART2_DriverIRQHandler
 .text.CLOCK_SetLpsci0Clock
                0x000015e0       0x38 ./board/board.o
 .text.BOARD_InitDebugConsole
                0x00001618       0x30 ./board/board.o
                0x00001618                BOARD_InitDebugConsole
 .text.BOARD_InitBootPeripherals
                0x00001648        0xa ./board/peripherals.o
                0x00001648                BOARD_InitBootPeripherals
 *fill*         0x00001652        0x2 ff
 .text.CLOCK_EnableClock
                0x00001654       0x34 ./board/pin_mux.o
 .text.PORT_SetPinMux
                0x00001688       0x40 ./board/pin_mux.o
 .text.BOARD_InitBootPins
                0x000016c8        0xe ./board/pin_mux.o
                0x000016c8                BOARD_InitBootPins
 *fill*         0x000016d6        0x2 ff
 .text.BOARD_InitPins
                0x000016d8       0x4c ./board/pin_mux.o
                0x000016d8                BOARD_InitPins
 .text.SystemInit
                0x00001724       0x18 ./CMSIS/system_MKL25Z4.o
                0x00001724                SystemInit
 .text.SystemCoreClockUpdate
                0x0000173c      0x238 ./CMSIS/system_MKL25Z4.o
                0x0000173c                SystemCoreClockUpdate
 .text.__main   0x00001974        0xc c:/nxp/mcuxpressoide_10.2.1_795/ide/tools/bin/../lib/gcc/arm-none-eabi/7.2.1/../../../../arm-none-eabi/lib/thumb/v6-m\libcr_semihost_nf.a(_cr__main.o)
                0x00001974                __CR_SEMIHOST
                0x00001974                __main
 .text.__assertion_failed
                0x00001980       0x4c c:/nxp/mcuxpressoide_10.2.1_795/ide/tools/bin/../lib/gcc/arm-none-eabi/7.2.1/../../../../arm-none-eabi/lib/thumb/v6-m\libcr_semihost_nf.a(_cr_assert.o)
                0x00001980                __assertion_failed
 .text.__sys_appexit
                0x000019cc        0xc c:/nxp/mcuxpressoide_10.2.1_795/ide/tools/bin/../lib/gcc/arm-none-eabi/7.2.1/../../../../arm-none-eabi/lib/thumb/v6-m\libcr_semihost_nf.a(__sys_appexit.o)
                0x000019cc                __sys_appexit
                0x000019cc                __exit
 .text.memset   0x000019d8        0x8 c:/nxp/mcuxpressoide_10.2.1_795/ide/tools/bin/../lib/gcc/arm-none-eabi/7.2.1/../../../../arm-none-eabi/lib/thumb/v6-m\libcr_c.a(memset.o)
                0x000019d8                memset
 .text._deferredlazyseek
                0x000019e0       0x40 c:/nxp/mcuxpressoide_10.2.1_795/ide/tools/bin/../lib/gcc/arm-none-eabi/7.2.1/../../../../arm-none-eabi/lib/thumb/v6-m\libcr_c.a(_deferredlazyseek.o)
                0x000019e0                _deferredlazyseek
 .text.__flsbuf
                0x00001a20      0x14c c:/nxp/mcuxpressoide_10.2.1_795/ide/tools/bin/../lib/gcc/arm-none-eabi/7.2.1/../../../../arm-none-eabi/lib/thumb/v6-m\libcr_c.a(_deferredlazyseek.o)
                0x00001a20                __flsbuf
 .text._fflush  0x00001b6c       0x5c c:/nxp/mcuxpressoide_10.2.1_795/ide/tools/bin/../lib/gcc/arm-none-eabi/7.2.1/../../../../arm-none-eabi/lib/thumb/v6-m\libcr_c.a(_fflush.o)
                0x00001b6c                _fflush
 .text._Cwritebuf
                0x00001bc8       0x68 c:/nxp/mcuxpressoide_10.2.1_795/ide/tools/bin/../lib/gcc/arm-none-eabi/7.2.1/../../../../arm-none-eabi/lib/thumb/v6-m\libcr_c.a(_writebuf.o)
                0x00001bc8                _Cwritebuf
 .text.malloc   0x00001c30       0xcc c:/nxp/mcuxpressoide_10.2.1_795/ide/tools/bin/../lib/gcc/arm-none-eabi/7.2.1/../../../../arm-none-eabi/lib/thumb/v6-m\libcr_c.a(alloc.o)
                0x00001c30                malloc
 .text.free     0x00001cfc       0x2c c:/nxp/mcuxpressoide_10.2.1_795/ide/tools/bin/../lib/gcc/arm-none-eabi/7.2.1/../../../../arm-none-eabi/lib/thumb/v6-m\libcr_c.a(alloc.o)
                0x00001cfc                free
 .text._Csys_alloc
                0x00001d28       0x20 c:/nxp/mcuxpressoide_10.2.1_795/ide/tools/bin/../lib/gcc/arm-none-eabi/7.2.1/../../../../arm-none-eabi/lib/thumb/v6-m\libcr_c.a(alloc.o)
                0x00001d28                _Csys_alloc
 .text.fputs    0x00001d48       0x2e c:/nxp/mcuxpressoide_10.2.1_795/ide/tools/bin/../lib/gcc/arm-none-eabi/7.2.1/../../../../arm-none-eabi/lib/thumb/v6-m\libcr_c.a(fputs.o)
                0x00001d48                fputs
 *fill*         0x00001d76        0x2 ff
 .text.fseek    0x00001d78       0xf0 c:/nxp/mcuxpressoide_10.2.1_795/ide/tools/bin/../lib/gcc/arm-none-eabi/7.2.1/../../../../arm-none-eabi/lib/thumb/v6-m\libcr_c.a(fseek.o)
                0x00001d78                fseek
 .text.ftell    0x00001e68       0x48 c:/nxp/mcuxpressoide_10.2.1_795/ide/tools/bin/../lib/gcc/arm-none-eabi/7.2.1/../../../../arm-none-eabi/lib/thumb/v6-m\libcr_c.a(ftell.o)
                0x00001e68                ftell
 .text._initio  0x00001eb0       0x7c c:/nxp/mcuxpressoide_10.2.1_795/ide/tools/bin/../lib/gcc/arm-none-eabi/7.2.1/../../../../arm-none-eabi/lib/thumb/v6-m\libcr_c.a(initio.o)
                0x00001eb0                _initio
 .text.setvbuf  0x00001f2c       0x48 c:/nxp/mcuxpressoide_10.2.1_795/ide/tools/bin/../lib/gcc/arm-none-eabi/7.2.1/../../../../arm-none-eabi/lib/thumb/v6-m\libcr_c.a(setvbuf.o)
                0x00001f2c                setvbuf
 .text._sbrk    0x00001f74       0x40 c:/nxp/mcuxpressoide_10.2.1_795/ide/tools/bin/../lib/gcc/arm-none-eabi/7.2.1/../../../../arm-none-eabi/lib/thumb/v6-m\libcr_c.a(_cr_sbrk.o)
                0x00001f74                _sbrk
 .text._fdopen  0x00001fb4       0x74 c:/nxp/mcuxpressoide_10.2.1_795/ide/tools/bin/../lib/gcc/arm-none-eabi/7.2.1/../../../../arm-none-eabi/lib/thumb/v6-m\libcr_c.a(_fdopen.o)
                0x00001fb4                _fdopen
 .text.fclose   0x00002028       0x5c c:/nxp/mcuxpressoide_10.2.1_795/ide/tools/bin/../lib/gcc/arm-none-eabi/7.2.1/../../../../arm-none-eabi/lib/thumb/v6-m\libcr_c.a(fclose.o)
                0x00002028                fclose
 .text.fflush   0x00002084       0x44 c:/nxp/mcuxpressoide_10.2.1_795/ide/tools/bin/../lib/gcc/arm-none-eabi/7.2.1/../../../../arm-none-eabi/lib/thumb/v6-m\libcr_c.a(fflush.o)
                0x00002084                fflush
 .text.remove   0x000020c8       0x12 c:/nxp/mcuxpressoide_10.2.1_795/ide/tools/bin/../lib/gcc/arm-none-eabi/7.2.1/../../../../arm-none-eabi/lib/thumb/v6-m\libcr_c.a(remove.o)
                0x000020c8                remove
 *fill*         0x000020da        0x2 ff
 .text.strlen   0x000020dc       0x58 c:/nxp/mcuxpressoide_10.2.1_795/ide/tools/bin/../lib/gcc/arm-none-eabi/7.2.1/../../../../arm-none-eabi/lib/thumb/v6-m\libcr_c.a(strlen.o)
                0x000020dc                strlen
 .text.__check_heap_overflow
                0x00002134       0x14 c:/nxp/mcuxpressoide_10.2.1_795/ide/tools/bin/../lib/gcc/arm-none-eabi/7.2.1/../../../../arm-none-eabi/lib/thumb/v6-m\libcr_c.a(_cr_check_heap.o)
                0x00002134                __check_heap_overflow
 .text._do_fflush
                0x00002148       0x44 c:/nxp/mcuxpressoide_10.2.1_795/ide/tools/bin/../lib/gcc/arm-none-eabi/7.2.1/../../../../arm-none-eabi/lib/thumb/v6-m\libcr_c.a(_do_fflush.o)
                0x00002148                _do_fflush
 .text.__aeabi_division_idivmod
                0x0000218c       0x78 c:/nxp/mcuxpressoide_10.2.1_795/ide/tools/bin/../lib/gcc/arm-none-eabi/7.2.1/thumb/v6-m\libcr_eabihelpers.a(division_32.o)
                0x0000218c                __aeabi_idivmod
                0x0000218c                __aeabi_idiv
                0x00002192                __aeabi_uidivmod
                0x00002192                __aeabi_uidiv
 .text.__aeabi_division_idiv0
                0x00002204        0x2 c:/nxp/mcuxpressoide_10.2.1_795/ide/tools/bin/../lib/gcc/arm-none-eabi/7.2.1/thumb/v6-m\libcr_eabihelpers.a(division_idiv0.o)
                0x00002204                __aeabi_idiv0
 .text.__aeabi_memset_lowlevel
                0x00002206       0x2a c:/nxp/mcuxpressoide_10.2.1_795/ide/tools/bin/../lib/gcc/arm-none-eabi/7.2.1/thumb/v6-m\libcr_eabihelpers.a(memcpy.o)
                0x00002206                __aeabi_lowlevel_memset
 .text.__sys_close
                0x00002230        0xc c:/nxp/mcuxpressoide_10.2.1_795/ide/tools/bin/../lib/gcc/arm-none-eabi/7.2.1/../../../../arm-none-eabi/lib/thumb/v6-m\libcr_semihost_nf.a(__sys_close.o)
                0x00002230                __sys_close
 .text.__sys_flen
                0x0000223c        0xc c:/nxp/mcuxpressoide_10.2.1_795/ide/tools/bin/../lib/gcc/arm-none-eabi/7.2.1/../../../../arm-none-eabi/lib/thumb/v6-m\libcr_semihost_nf.a(__sys_flen.o)
                0x0000223c                __sys_flen
 .text.__sys_istty
                0x00002248        0xc c:/nxp/mcuxpressoide_10.2.1_795/ide/tools/bin/../lib/gcc/arm-none-eabi/7.2.1/../../../../arm-none-eabi/lib/thumb/v6-m\libcr_semihost_nf.a(__sys_istty.o)
                0x00002248                __sys_istty
 .text.__sys_remove
                0x00002254        0xc c:/nxp/mcuxpressoide_10.2.1_795/ide/tools/bin/../lib/gcc/arm-none-eabi/7.2.1/../../../../arm-none-eabi/lib/thumb/v6-m\libcr_semihost_nf.a(__sys_remove.o)
                0x00002254                __sys_remove
 .text.__sys_seek
                0x00002260        0xc c:/nxp/mcuxpressoide_10.2.1_795/ide/tools/bin/../lib/gcc/arm-none-eabi/7.2.1/../../../../arm-none-eabi/lib/thumb/v6-m\libcr_semihost_nf.a(__sys_seek.o)
                0x00002260                __sys_seek
 .text.__sys_tmpnam
                0x0000226c        0xc c:/nxp/mcuxpressoide_10.2.1_795/ide/tools/bin/../lib/gcc/arm-none-eabi/7.2.1/../../../../arm-none-eabi/lib/thumb/v6-m\libcr_semihost_nf.a(__sys_tmpnam.o)
                0x0000226c                __sys_tmpnam
 .text.__sys_write
                0x00002278        0xc c:/nxp/mcuxpressoide_10.2.1_795/ide/tools/bin/../lib/gcc/arm-none-eabi/7.2.1/../../../../arm-none-eabi/lib/thumb/v6-m\libcr_semihost_nf.a(__sys_write.o)
                0x00002278                __sys_write
 *(.rodata .rodata.* .constdata .constdata.*)
 .rodata        0x00002284      0x11d ./drivers/fsl_clock.o
 *fill*         0x000023a1        0x3 ff
 .rodata.fllFactorTable.5188
                0x000023a4       0x10 ./drivers/fsl_clock.o
 .rodata        0x000023b4      0x4ae ./drivers/fsl_dma.o
 *fill*         0x00002862        0x2 ff
 .rodata        0x00002864      0x48c ./drivers/fsl_lpsci.o
 .rodata        0x00002cf0      0x213 ./drivers/fsl_spi.o
 *fill*         0x00002f03        0x1 ff
 .rodata.s_uartBases
                0x00002f04        0xc ./drivers/fsl_uart.o
 .rodata.s_uartClock
                0x00002f10        0xc ./drivers/fsl_uart.o
 .rodata        0x00002f1c      0x45b ./drivers/fsl_uart.o
 .rodata.__assertion_failed.str1.1
                0x00003377       0x15 c:/nxp/mcuxpressoide_10.2.1_795/ide/tools/bin/../lib/gcc/arm-none-eabi/7.2.1/../../../../arm-none-eabi/lib/thumb/v6-m\libcr_semihost_nf.a(_cr_assert.o)
 .rodata.__num_Ciob_streams
                0x0000338c        0x4 c:/nxp/mcuxpressoide_10.2.1_795/ide/tools/bin/../lib/gcc/arm-none-eabi/7.2.1/../../../../arm-none-eabi/lib/thumb/v6-m\libcr_semihost_nf.a(__ciob.o)
                0x0000338c                __num_Ciob_streams
 .rodata._Csys_alloc.str1.1
                0x00003390       0x18 c:/nxp/mcuxpressoide_10.2.1_795/ide/tools/bin/../lib/gcc/arm-none-eabi/7.2.1/../../../../arm-none-eabi/lib/thumb/v6-m\libcr_c.a(alloc.o)
 .rodata._initio.str1.1
                0x000033a8        0x4 c:/nxp/mcuxpressoide_10.2.1_795/ide/tools/bin/../lib/gcc/arm-none-eabi/7.2.1/../../../../arm-none-eabi/lib/thumb/v6-m\libcr_c.a(initio.o)
                0x000033ac                . = ALIGN (0x4)

.glue_7         0x000033ac        0x0
 .glue_7        0x000033ac        0x0 linker stubs

.glue_7t        0x000033ac        0x0
 .glue_7t       0x000033ac        0x0 linker stubs

.vfp11_veneer   0x000033ac        0x0
 .vfp11_veneer  0x000033ac        0x0 linker stubs

.v4_bx          0x000033ac        0x0
 .v4_bx         0x000033ac        0x0 linker stubs

.iplt           0x000033ac        0x0
 .iplt          0x000033ac        0x0 ./utilities/fsl_debug_console.o

.rel.dyn        0x000033ac        0x0
 .rel.iplt      0x000033ac        0x0 ./utilities/fsl_debug_console.o

.ARM.extab
 *(.ARM.extab* .gnu.linkonce.armextab.*)
                0x000033ac                __exidx_start = .

.ARM.exidx
 *(.ARM.exidx* .gnu.linkonce.armexidx.*)
                0x000033ac                __exidx_end = .
                0x000033ac                _etext = .

.m_usb_data
 *(m_usb_bdt)

.mtb_buffer_default
                0x1ffff000       0x80
 *(.mtb*)
 .mtb.$RAM1     0x1ffff000       0x80 ./source/mtb.o
                0x1ffff000                __mtb_buffer__

.uninit_RESERVED
                0x1ffff080        0x0
 *(.bss.$RESERVED*)
                0x1ffff080                . = ALIGN (0x4)
                0x1ffff080                _end_uninit_RESERVED = .

.data           0x1ffff080        0x8 load address 0x000033ac
 FILL mask 0xff
                0x1ffff080                _data = .
 *(vtable)
 *(.ramfunc*)
 *(.data*)
 .data.s_slowIrcFreq
                0x1ffff080        0x4 ./drivers/fsl_clock.o
 .data.SystemCoreClock
                0x1ffff084        0x4 ./CMSIS/system_MKL25Z4.o
                0x1ffff084                SystemCoreClock
                0x1ffff088                . = ALIGN (0x4)
                0x1ffff088                _edata = .

.igot.plt       0x1ffff088        0x0 load address 0x000033b4
 .igot.plt      0x1ffff088        0x0 ./utilities/fsl_debug_console.o

.bss            0x1ffff088      0x11c load address 0x000033b4
                0x1ffff088                _bss = .
 *(.bss*)
 .bss.s_debugConsole
                0x1ffff088       0x10 ./utilities/fsl_debug_console.o
 .bss.g_xtal0Freq
                0x1ffff098        0x4 ./drivers/fsl_clock.o
                0x1ffff098                g_xtal0Freq
 .bss.s_DMAHandle
                0x1ffff09c       0x10 ./drivers/fsl_dma.o
 .bss.s_i2cHandle
                0x1ffff0ac        0x8 ./drivers/fsl_i2c.o
 .bss.s_i2cMasterIsr
                0x1ffff0b4        0x4 ./drivers/fsl_i2c.o
 .bss.s_i2cSlaveIsr
                0x1ffff0b8        0x4 ./drivers/fsl_i2c.o
 .bss.s_lpsciHandle
                0x1ffff0bc        0x4 ./drivers/fsl_lpsci.o
 .bss.s_lpsciIsr
                0x1ffff0c0        0x4 ./drivers/fsl_lpsci.o
 .bss.s_spiHandle
                0x1ffff0c4        0x8 ./drivers/fsl_spi.o
 .bss.s_spiMasterIsr
                0x1ffff0cc        0x4 ./drivers/fsl_spi.o
 .bss.s_spiSlaveIsr
                0x1ffff0d0        0x4 ./drivers/fsl_spi.o
 .bss.s_uartHandle
                0x1ffff0d4        0xc ./drivers/fsl_uart.o
 .bss.s_uartIsr
                0x1ffff0e0        0x4 ./drivers/fsl_uart.o
 .bss.__Ciob    0x1ffff0e4       0xb4 c:/nxp/mcuxpressoide_10.2.1_795/ide/tools/bin/../lib/gcc/arm-none-eabi/7.2.1/../../../../arm-none-eabi/lib/thumb/v6-m\libcr_semihost_nf.a(__ciob.o)
                0x1ffff0e4                __Ciob
 .bss.__end_of_heap
                0x1ffff198        0x4 c:/nxp/mcuxpressoide_10.2.1_795/ide/tools/bin/../lib/gcc/arm-none-eabi/7.2.1/../../../../arm-none-eabi/lib/thumb/v6-m\libcr_c.a(__init_alloc.o)
                0x1ffff198                __end_of_heap
 .bss.__heaps   0x1ffff19c        0x4 c:/nxp/mcuxpressoide_10.2.1_795/ide/tools/bin/../lib/gcc/arm-none-eabi/7.2.1/../../../../arm-none-eabi/lib/thumb/v6-m\libcr_c.a(__init_alloc.o)
                0x1ffff19c                __heaps
 .bss.errno     0x1ffff1a0        0x4 c:/nxp/mcuxpressoide_10.2.1_795/ide/tools/bin/../lib/gcc/arm-none-eabi/7.2.1/../../../../arm-none-eabi/lib/thumb/v6-m\libcr_c.a(errno.o)
                0x1ffff1a0                errno
 *(COMMON)
                0x1ffff1a4                . = ALIGN (0x4)
                0x1ffff1a4                _ebss = .
                [!provide]                PROVIDE (end, .)

.noinit         0x1ffff1a4        0x0 load address 0x000033b4
                0x1ffff1a4                _noinit = .
 *(.noinit*)
                0x1ffff1a4                . = ALIGN (0x4)
                0x1ffff1a4                _end_noinit = .
                0x00000400                _HeapSize = 0x400

.heap           0x1ffff1a4      0x400 load address 0x000033b4
                0x1ffff1a4                _pvHeapStart = .
                0x1ffff5a4                . = (. + _HeapSize)
 *fill*         0x1ffff1a4      0x400 
                0x1ffff5a4                . = ALIGN (0x4)
                0x1ffff5a4                _pvHeapLimit = .
                0x00000400                _StackSize = 0x400

.heap2stackfill
                0x1ffff5a4      0x400 load address 0x000033b4
                0x1ffff9a4                . = (. + _StackSize)
 *fill*         0x1ffff5a4      0x400 

.stack          0x20002c00        0x0
                0x20002c00                _vStackBase = .
                0x20002c00                . = ALIGN (0x4)
                0x20003000                _vStackTop = (. + _StackSize)
                0x00000000                _image_start = LOADADDR (.text)
                0x000033b4                _image_end = (LOADADDR (.data) + SIZEOF (.data))
                0x000033b4                _image_size = (_image_end - _image_start)
OUTPUT(Timer.axf elf32-littlearm)

.debug_info     0x00000000     0xa908
 .debug_info    0x00000000      0x960 ./utilities/fsl_debug_console.o
 .debug_info    0x00000960      0x49b ./startup/startup_mkl25z4.o
 .debug_info    0x00000dfb      0x6d2 ./source/Timer.o
 .debug_info    0x000014cd       0x52 ./source/mtb.o
 .debug_info    0x0000151f       0x3b ./source/semihost_hardfault.o
 .debug_info    0x0000155a      0x70b ./source/sysTick.o
 .debug_info    0x00001c65     0x1962 ./drivers/fsl_clock.o
 .debug_info    0x000035c7      0xeb7 ./drivers/fsl_dma.o
 .debug_info    0x0000447e     0x1960 ./drivers/fsl_i2c.o
 .debug_info    0x00005dde     0x138c ./drivers/fsl_lpsci.o
 .debug_info    0x0000716a     0x1330 ./drivers/fsl_spi.o
 .debug_info    0x0000849a     0x1336 ./drivers/fsl_uart.o
 .debug_info    0x000097d0      0x795 ./board/board.o
 .debug_info    0x00009f65       0x3b ./board/peripherals.o
 .debug_info    0x00009fa0      0x56a ./board/pin_mux.o
 .debug_info    0x0000a50a      0x3fe ./CMSIS/system_MKL25Z4.o

.debug_abbrev   0x00000000     0x1d14
 .debug_abbrev  0x00000000      0x1f3 ./utilities/fsl_debug_console.o
 .debug_abbrev  0x000001f3      0x16d ./startup/startup_mkl25z4.o
 .debug_abbrev  0x00000360      0x164 ./source/Timer.o
 .debug_abbrev  0x000004c4       0x44 ./source/mtb.o
 .debug_abbrev  0x00000508       0x2f ./source/semihost_hardfault.o
 .debug_abbrev  0x00000537      0x1b8 ./source/sysTick.o
 .debug_abbrev  0x000006ef      0x329 ./drivers/fsl_clock.o
 .debug_abbrev  0x00000a18      0x2b2 ./drivers/fsl_dma.o
 .debug_abbrev  0x00000cca      0x32a ./drivers/fsl_i2c.o
 .debug_abbrev  0x00000ff4      0x2cd ./drivers/fsl_lpsci.o
 .debug_abbrev  0x000012c1      0x2e5 ./drivers/fsl_spi.o
 .debug_abbrev  0x000015a6      0x2e5 ./drivers/fsl_uart.o
 .debug_abbrev  0x0000188b      0x185 ./board/board.o
 .debug_abbrev  0x00001a10       0x2f ./board/peripherals.o
 .debug_abbrev  0x00001a3f      0x199 ./board/pin_mux.o
 .debug_abbrev  0x00001bd8      0x13c ./CMSIS/system_MKL25Z4.o

.debug_aranges  0x00000000      0xa80
 .debug_aranges
                0x00000000       0x48 ./utilities/fsl_debug_console.o
 .debug_aranges
                0x00000048      0x160 ./startup/startup_mkl25z4.o
 .debug_aranges
                0x000001a8       0x20 ./source/Timer.o
 .debug_aranges
                0x000001c8       0x18 ./source/mtb.o
 .debug_aranges
                0x000001e0       0x20 ./source/semihost_hardfault.o
 .debug_aranges
                0x00000200       0x40 ./source/sysTick.o
 .debug_aranges
                0x00000240      0x1d8 ./drivers/fsl_clock.o
 .debug_aranges
                0x00000418       0xd0 ./drivers/fsl_dma.o
 .debug_aranges
                0x000004e8      0x178 ./drivers/fsl_i2c.o
 .debug_aranges
                0x00000660      0x118 ./drivers/fsl_lpsci.o
 .debug_aranges
                0x00000778      0x130 ./drivers/fsl_spi.o
 .debug_aranges
                0x000008a8      0x130 ./drivers/fsl_uart.o
 .debug_aranges
                0x000009d8       0x28 ./board/board.o
 .debug_aranges
                0x00000a00       0x20 ./board/peripherals.o
 .debug_aranges
                0x00000a20       0x38 ./board/pin_mux.o
 .debug_aranges
                0x00000a58       0x28 ./CMSIS/system_MKL25Z4.o

.debug_ranges   0x00000000      0x978
 .debug_ranges  0x00000000       0x38 ./utilities/fsl_debug_console.o
 .debug_ranges  0x00000038      0x150 ./startup/startup_mkl25z4.o
 .debug_ranges  0x00000188       0x10 ./source/Timer.o
 .debug_ranges  0x00000198       0x10 ./source/semihost_hardfault.o
 .debug_ranges  0x000001a8       0x30 ./source/sysTick.o
 .debug_ranges  0x000001d8      0x1c8 ./drivers/fsl_clock.o
 .debug_ranges  0x000003a0       0xc0 ./drivers/fsl_dma.o
 .debug_ranges  0x00000460      0x168 ./drivers/fsl_i2c.o
 .debug_ranges  0x000005c8      0x108 ./drivers/fsl_lpsci.o
 .debug_ranges  0x000006d0      0x120 ./drivers/fsl_spi.o
 .debug_ranges  0x000007f0      0x120 ./drivers/fsl_uart.o
 .debug_ranges  0x00000910       0x18 ./board/board.o
 .debug_ranges  0x00000928       0x10 ./board/peripherals.o
 .debug_ranges  0x00000938       0x28 ./board/pin_mux.o
 .debug_ranges  0x00000960       0x18 ./CMSIS/system_MKL25Z4.o

.debug_macro    0x00000000     0x8e41
 .debug_macro   0x00000000      0x13a ./utilities/fsl_debug_console.o
 .debug_macro   0x0000013a      0xa7e ./utilities/fsl_debug_console.o
 .debug_macro   0x00000bb8       0x10 ./utilities/fsl_debug_console.o
 .debug_macro   0x00000bc8       0x16 ./utilities/fsl_debug_console.o
 .debug_macro   0x00000bde       0x10 ./utilities/fsl_debug_console.o
 .debug_macro   0x00000bee      0x12d ./utilities/fsl_debug_console.o
 .debug_macro   0x00000d1b       0x28 ./utilities/fsl_debug_console.o
 .debug_macro   0x00000d43       0xc4 ./utilities/fsl_debug_console.o
 .debug_macro   0x00000e07       0x16 ./utilities/fsl_debug_console.o
 .debug_macro   0x00000e1d       0x22 ./utilities/fsl_debug_console.o
 .debug_macro   0x00000e3f      0x5b2 ./utilities/fsl_debug_console.o
 .debug_macro   0x000013f1       0x10 ./utilities/fsl_debug_console.o
 .debug_macro   0x00001401       0x3f ./utilities/fsl_debug_console.o
 .debug_macro   0x00001440       0x3a ./utilities/fsl_debug_console.o
 .debug_macro   0x0000147a       0x26 ./utilities/fsl_debug_console.o
 .debug_macro   0x000014a0      0x329 ./utilities/fsl_debug_console.o
 .debug_macro   0x000017c9       0x30 ./utilities/fsl_debug_console.o
 .debug_macro   0x000017f9     0x51e2 ./utilities/fsl_debug_console.o
 .debug_macro   0x000069db     0x1352 ./utilities/fsl_debug_console.o
 .debug_macro   0x00007d2d       0x3a ./utilities/fsl_debug_console.o
 .debug_macro   0x00007d67       0xf4 ./utilities/fsl_debug_console.o
 .debug_macro   0x00007e5b       0x35 ./utilities/fsl_debug_console.o
 .debug_macro   0x00007e90       0xd2 ./utilities/fsl_debug_console.o
 .debug_macro   0x00007f62       0x2e ./utilities/fsl_debug_console.o
 .debug_macro   0x00007f90       0x10 ./utilities/fsl_debug_console.o
 .debug_macro   0x00007fa0       0x10 ./utilities/fsl_debug_console.o
 .debug_macro   0x00007fb0       0x29 ./startup/startup_mkl25z4.o
 .debug_macro   0x00007fd9      0x145 ./source/Timer.o
 .debug_macro   0x0000811e       0xd8 ./source/Timer.o
 .debug_macro   0x000081f6       0x16 ./source/Timer.o
 .debug_macro   0x0000820c       0x10 ./source/Timer.o
 .debug_macro   0x0000821c      0x112 ./source/Timer.o
 .debug_macro   0x0000832e       0x34 ./source/Timer.o
 .debug_macro   0x00008362       0x2f ./source/mtb.o
 .debug_macro   0x00008391       0x82 ./source/mtb.o
 .debug_macro   0x00008413       0x10 ./source/mtb.o
 .debug_macro   0x00008423       0x11 ./source/semihost_hardfault.o
 .debug_macro   0x00008434       0x92 ./source/sysTick.o
 .debug_macro   0x000084c6       0x34 ./source/sysTick.o
 .debug_macro   0x000084fa      0x196 ./drivers/fsl_clock.o
 .debug_macro   0x00008690       0xec ./drivers/fsl_dma.o
 .debug_macro   0x0000877c       0xeb ./drivers/fsl_i2c.o
 .debug_macro   0x00008867       0x10 ./drivers/fsl_i2c.o
 .debug_macro   0x00008877       0xec ./drivers/fsl_lpsci.o
 .debug_macro   0x00008963       0xeb ./drivers/fsl_spi.o
 .debug_macro   0x00008a4e       0x10 ./drivers/fsl_spi.o
 .debug_macro   0x00008a5e       0xf2 ./drivers/fsl_uart.o
 .debug_macro   0x00008b50      0x12b ./board/board.o
 .debug_macro   0x00008c7b       0x1b ./board/peripherals.o
 .debug_macro   0x00008c96      0x107 ./board/pin_mux.o
 .debug_macro   0x00008d9d       0x10 ./board/pin_mux.o
 .debug_macro   0x00008dad       0x94 ./CMSIS/system_MKL25Z4.o

.debug_line     0x00000000     0x3cf0
 .debug_line    0x00000000      0x2ee ./utilities/fsl_debug_console.o
 .debug_line    0x000002ee      0x128 ./startup/startup_mkl25z4.o
 .debug_line    0x00000416      0x287 ./source/Timer.o
 .debug_line    0x0000069d       0x95 ./source/mtb.o
 .debug_line    0x00000732       0x54 ./source/semihost_hardfault.o
 .debug_line    0x00000786      0x1db ./source/sysTick.o
 .debug_line    0x00000961      0x96d ./drivers/fsl_clock.o
 .debug_line    0x000012ce      0x4cf ./drivers/fsl_dma.o
 .debug_line    0x0000179d      0x9bf ./drivers/fsl_i2c.o
 .debug_line    0x0000215c      0x71d ./drivers/fsl_lpsci.o
 .debug_line    0x00002879      0x678 ./drivers/fsl_spi.o
 .debug_line    0x00002ef1      0x720 ./drivers/fsl_uart.o
 .debug_line    0x00003611      0x257 ./board/board.o
 .debug_line    0x00003868       0x58 ./board/peripherals.o
 .debug_line    0x000038c0      0x248 ./board/pin_mux.o
 .debug_line    0x00003b08      0x1e8 ./CMSIS/system_MKL25Z4.o

.debug_str      0x00000000    0x37359
 .debug_str     0x00000000    0x314c2 ./utilities/fsl_debug_console.o
                              0x31739 (size before relaxing)
 .debug_str     0x000314c2      0x3e1 ./startup/startup_mkl25z4.o
                               0x3116 (size before relaxing)
 .debug_str     0x000318a3      0xe4a ./source/Timer.o
                              0x3168c (size before relaxing)
 .debug_str     0x000326ed      0x532 ./source/mtb.o
                               0x3222 (size before relaxing)
 .debug_str     0x00032c1f       0x1f ./source/semihost_hardfault.o
                               0x2d0f (size before relaxing)
 .debug_str     0x00032c3e      0x2d2 ./source/sysTick.o
                              0x29077 (size before relaxing)
 .debug_str     0x00032f10     0x14db ./drivers/fsl_clock.o
                              0x3221d (size before relaxing)
 .debug_str     0x000343eb      0x796 ./drivers/fsl_dma.o
                              0x314eb (size before relaxing)
 .debug_str     0x00034b81      0xc1b ./drivers/fsl_i2c.o
                              0x319f7 (size before relaxing)
 .debug_str     0x0003579c      0x926 ./drivers/fsl_lpsci.o
                              0x31825 (size before relaxing)
 .debug_str     0x000360c2      0x7b8 ./drivers/fsl_spi.o
                              0x315e7 (size before relaxing)
 .debug_str     0x0003687a      0x832 ./drivers/fsl_uart.o
                              0x31848 (size before relaxing)
 .debug_str     0x000370ac       0x4c ./board/board.o
                              0x31695 (size before relaxing)
 .debug_str     0x000370f8       0x31 ./board/peripherals.o
                               0x2d20 (size before relaxing)
 .debug_str     0x00037129      0x1e1 ./board/pin_mux.o
                              0x308ae (size before relaxing)
 .debug_str     0x0003730a       0x4f ./CMSIS/system_MKL25Z4.o
                              0x2fb87 (size before relaxing)

.comment        0x00000000       0x7e
 .comment       0x00000000       0x7e ./utilities/fsl_debug_console.o
                                 0x7f (size before relaxing)
 .comment       0x0000007e       0x7f ./startup/startup_mkl25z4.o
 .comment       0x0000007e       0x7f ./source/Timer.o
 .comment       0x0000007e       0x7f ./source/mtb.o
 .comment       0x0000007e       0x7f ./source/semihost_hardfault.o
 .comment       0x0000007e       0x7f ./source/sysTick.o
 .comment       0x0000007e       0x7f ./drivers/fsl_clock.o
 .comment       0x0000007e       0x7f ./drivers/fsl_dma.o
 .comment       0x0000007e       0x7f ./drivers/fsl_i2c.o
 .comment       0x0000007e       0x7f ./drivers/fsl_lpsci.o
 .comment       0x0000007e       0x7f ./drivers/fsl_spi.o
 .comment       0x0000007e       0x7f ./drivers/fsl_uart.o
 .comment       0x0000007e       0x7f ./board/board.o
 .comment       0x0000007e       0x7f ./board/peripherals.o
 .comment       0x0000007e       0x7f ./board/pin_mux.o
 .comment       0x0000007e       0x7f ./CMSIS/system_MKL25Z4.o
 .comment       0x0000007e       0x7f c:/nxp/mcuxpressoide_10.2.1_795/ide/tools/bin/../lib/gcc/arm-none-eabi/7.2.1/../../../../arm-none-eabi/lib/thumb/v6-m\libcr_semihost_nf.a(_cr__main.o)
 .comment       0x0000007e       0x7f c:/nxp/mcuxpressoide_10.2.1_795/ide/tools/bin/../lib/gcc/arm-none-eabi/7.2.1/../../../../arm-none-eabi/lib/thumb/v6-m\libcr_semihost_nf.a(_cr_assert.o)
 .comment       0x0000007e       0x7f c:/nxp/mcuxpressoide_10.2.1_795/ide/tools/bin/../lib/gcc/arm-none-eabi/7.2.1/../../../../arm-none-eabi/lib/thumb/v6-m\libcr_semihost_nf.a(__ciob.o)
 .comment       0x0000007e       0x7f c:/nxp/mcuxpressoide_10.2.1_795/ide/tools/bin/../lib/gcc/arm-none-eabi/7.2.1/../../../../arm-none-eabi/lib/thumb/v6-m\libcr_c.a(memset.o)
 .comment       0x0000007e       0x7f c:/nxp/mcuxpressoide_10.2.1_795/ide/tools/bin/../lib/gcc/arm-none-eabi/7.2.1/../../../../arm-none-eabi/lib/thumb/v6-m\libcr_c.a(_deferredlazyseek.o)
 .comment       0x0000007e       0x7f c:/nxp/mcuxpressoide_10.2.1_795/ide/tools/bin/../lib/gcc/arm-none-eabi/7.2.1/../../../../arm-none-eabi/lib/thumb/v6-m\libcr_c.a(_fflush.o)
 .comment       0x0000007e       0x7f c:/nxp/mcuxpressoide_10.2.1_795/ide/tools/bin/../lib/gcc/arm-none-eabi/7.2.1/../../../../arm-none-eabi/lib/thumb/v6-m\libcr_c.a(_writebuf.o)
 .comment       0x0000007e       0x7f c:/nxp/mcuxpressoide_10.2.1_795/ide/tools/bin/../lib/gcc/arm-none-eabi/7.2.1/../../../../arm-none-eabi/lib/thumb/v6-m\libcr_c.a(alloc.o)
 .comment       0x0000007e       0x7f c:/nxp/mcuxpressoide_10.2.1_795/ide/tools/bin/../lib/gcc/arm-none-eabi/7.2.1/../../../../arm-none-eabi/lib/thumb/v6-m\libcr_c.a(fputs.o)
 .comment       0x0000007e       0x7f c:/nxp/mcuxpressoide_10.2.1_795/ide/tools/bin/../lib/gcc/arm-none-eabi/7.2.1/../../../../arm-none-eabi/lib/thumb/v6-m\libcr_c.a(fseek.o)
 .comment       0x0000007e       0x7f c:/nxp/mcuxpressoide_10.2.1_795/ide/tools/bin/../lib/gcc/arm-none-eabi/7.2.1/../../../../arm-none-eabi/lib/thumb/v6-m\libcr_c.a(ftell.o)
 .comment       0x0000007e       0x7f c:/nxp/mcuxpressoide_10.2.1_795/ide/tools/bin/../lib/gcc/arm-none-eabi/7.2.1/../../../../arm-none-eabi/lib/thumb/v6-m\libcr_c.a(initio.o)
 .comment       0x0000007e       0x7f c:/nxp/mcuxpressoide_10.2.1_795/ide/tools/bin/../lib/gcc/arm-none-eabi/7.2.1/../../../../arm-none-eabi/lib/thumb/v6-m\libcr_c.a(setvbuf.o)
 .comment       0x0000007e       0x7f c:/nxp/mcuxpressoide_10.2.1_795/ide/tools/bin/../lib/gcc/arm-none-eabi/7.2.1/../../../../arm-none-eabi/lib/thumb/v6-m\libcr_c.a(__init_alloc.o)
 .comment       0x0000007e       0x7f c:/nxp/mcuxpressoide_10.2.1_795/ide/tools/bin/../lib/gcc/arm-none-eabi/7.2.1/../../../../arm-none-eabi/lib/thumb/v6-m\libcr_c.a(_cr_sbrk.o)
 .comment       0x0000007e       0x7f c:/nxp/mcuxpressoide_10.2.1_795/ide/tools/bin/../lib/gcc/arm-none-eabi/7.2.1/../../../../arm-none-eabi/lib/thumb/v6-m\libcr_c.a(_fdopen.o)
 .comment       0x0000007e       0x7f c:/nxp/mcuxpressoide_10.2.1_795/ide/tools/bin/../lib/gcc/arm-none-eabi/7.2.1/../../../../arm-none-eabi/lib/thumb/v6-m\libcr_c.a(errno.o)
 .comment       0x0000007e       0x7f c:/nxp/mcuxpressoide_10.2.1_795/ide/tools/bin/../lib/gcc/arm-none-eabi/7.2.1/../../../../arm-none-eabi/lib/thumb/v6-m\libcr_c.a(fclose.o)
 .comment       0x0000007e       0x7f c:/nxp/mcuxpressoide_10.2.1_795/ide/tools/bin/../lib/gcc/arm-none-eabi/7.2.1/../../../../arm-none-eabi/lib/thumb/v6-m\libcr_c.a(fflush.o)
 .comment       0x0000007e       0x7f c:/nxp/mcuxpressoide_10.2.1_795/ide/tools/bin/../lib/gcc/arm-none-eabi/7.2.1/../../../../arm-none-eabi/lib/thumb/v6-m\libcr_c.a(remove.o)
 .comment       0x0000007e       0x7f c:/nxp/mcuxpressoide_10.2.1_795/ide/tools/bin/../lib/gcc/arm-none-eabi/7.2.1/../../../../arm-none-eabi/lib/thumb/v6-m\libcr_c.a(strlen.o)
 .comment       0x0000007e       0x7f c:/nxp/mcuxpressoide_10.2.1_795/ide/tools/bin/../lib/gcc/arm-none-eabi/7.2.1/../../../../arm-none-eabi/lib/thumb/v6-m\libcr_c.a(_cr_check_heap.o)
 .comment       0x0000007e       0x7f c:/nxp/mcuxpressoide_10.2.1_795/ide/tools/bin/../lib/gcc/arm-none-eabi/7.2.1/../../../../arm-none-eabi/lib/thumb/v6-m\libcr_c.a(_do_fflush.o)

.ARM.attributes
                0x00000000       0x30
 .ARM.attributes
                0x00000000       0x32 ./utilities/fsl_debug_console.o
 .ARM.attributes
                0x00000032       0x32 ./startup/startup_mkl25z4.o
 .ARM.attributes
                0x00000064       0x32 ./source/Timer.o
 .ARM.attributes
                0x00000096       0x32 ./source/mtb.o
 .ARM.attributes
                0x000000c8       0x32 ./source/semihost_hardfault.o
 .ARM.attributes
                0x000000fa       0x32 ./source/sysTick.o
 .ARM.attributes
                0x0000012c       0x32 ./drivers/fsl_clock.o
 .ARM.attributes
                0x0000015e       0x32 ./drivers/fsl_dma.o
 .ARM.attributes
                0x00000190       0x32 ./drivers/fsl_i2c.o
 .ARM.attributes
                0x000001c2       0x32 ./drivers/fsl_lpsci.o
 .ARM.attributes
                0x000001f4       0x32 ./drivers/fsl_spi.o
 .ARM.attributes
                0x00000226       0x32 ./drivers/fsl_uart.o
 .ARM.attributes
                0x00000258       0x32 ./board/board.o
 .ARM.attributes
                0x0000028a       0x32 ./board/peripherals.o
 .ARM.attributes
                0x000002bc       0x32 ./board/pin_mux.o
 .ARM.attributes
                0x000002ee       0x32 ./CMSIS/system_MKL25Z4.o
 .ARM.attributes
                0x00000320       0x31 c:/nxp/mcuxpressoide_10.2.1_795/ide/tools/bin/../lib/gcc/arm-none-eabi/7.2.1/../../../../arm-none-eabi/lib/thumb/v6-m\libcr_semihost_nf.a(_cr__main.o)
 .ARM.attributes
                0x00000351       0x31 c:/nxp/mcuxpressoide_10.2.1_795/ide/tools/bin/../lib/gcc/arm-none-eabi/7.2.1/../../../../arm-none-eabi/lib/thumb/v6-m\libcr_semihost_nf.a(_cr_assert.o)
 .ARM.attributes
                0x00000382       0x31 c:/nxp/mcuxpressoide_10.2.1_795/ide/tools/bin/../lib/gcc/arm-none-eabi/7.2.1/../../../../arm-none-eabi/lib/thumb/v6-m\libcr_semihost_nf.a(__ciob.o)
 .ARM.attributes
                0x000003b3       0x21 c:/nxp/mcuxpressoide_10.2.1_795/ide/tools/bin/../lib/gcc/arm-none-eabi/7.2.1/../../../../arm-none-eabi/lib/thumb/v6-m\libcr_semihost_nf.a(__sys_appexit.o)
 .ARM.attributes
                0x000003d4       0x31 c:/nxp/mcuxpressoide_10.2.1_795/ide/tools/bin/../lib/gcc/arm-none-eabi/7.2.1/../../../../arm-none-eabi/lib/thumb/v6-m\libcr_c.a(memset.o)
 .ARM.attributes
                0x00000405       0x31 c:/nxp/mcuxpressoide_10.2.1_795/ide/tools/bin/../lib/gcc/arm-none-eabi/7.2.1/../../../../arm-none-eabi/lib/thumb/v6-m\libcr_c.a(_deferredlazyseek.o)
 .ARM.attributes
                0x00000436       0x31 c:/nxp/mcuxpressoide_10.2.1_795/ide/tools/bin/../lib/gcc/arm-none-eabi/7.2.1/../../../../arm-none-eabi/lib/thumb/v6-m\libcr_c.a(_fflush.o)
 .ARM.attributes
                0x00000467       0x31 c:/nxp/mcuxpressoide_10.2.1_795/ide/tools/bin/../lib/gcc/arm-none-eabi/7.2.1/../../../../arm-none-eabi/lib/thumb/v6-m\libcr_c.a(_writebuf.o)
 .ARM.attributes
                0x00000498       0x31 c:/nxp/mcuxpressoide_10.2.1_795/ide/tools/bin/../lib/gcc/arm-none-eabi/7.2.1/../../../../arm-none-eabi/lib/thumb/v6-m\libcr_c.a(alloc.o)
 .ARM.attributes
                0x000004c9       0x31 c:/nxp/mcuxpressoide_10.2.1_795/ide/tools/bin/../lib/gcc/arm-none-eabi/7.2.1/../../../../arm-none-eabi/lib/thumb/v6-m\libcr_c.a(fputs.o)
 .ARM.attributes
                0x000004fa       0x31 c:/nxp/mcuxpressoide_10.2.1_795/ide/tools/bin/../lib/gcc/arm-none-eabi/7.2.1/../../../../arm-none-eabi/lib/thumb/v6-m\libcr_c.a(fseek.o)
 .ARM.attributes
                0x0000052b       0x31 c:/nxp/mcuxpressoide_10.2.1_795/ide/tools/bin/../lib/gcc/arm-none-eabi/7.2.1/../../../../arm-none-eabi/lib/thumb/v6-m\libcr_c.a(ftell.o)
 .ARM.attributes
                0x0000055c       0x31 c:/nxp/mcuxpressoide_10.2.1_795/ide/tools/bin/../lib/gcc/arm-none-eabi/7.2.1/../../../../arm-none-eabi/lib/thumb/v6-m\libcr_c.a(initio.o)
 .ARM.attributes
                0x0000058d       0x31 c:/nxp/mcuxpressoide_10.2.1_795/ide/tools/bin/../lib/gcc/arm-none-eabi/7.2.1/../../../../arm-none-eabi/lib/thumb/v6-m\libcr_c.a(setvbuf.o)
 .ARM.attributes
                0x000005be       0x31 c:/nxp/mcuxpressoide_10.2.1_795/ide/tools/bin/../lib/gcc/arm-none-eabi/7.2.1/../../../../arm-none-eabi/lib/thumb/v6-m\libcr_c.a(__init_alloc.o)
 .ARM.attributes
                0x000005ef       0x31 c:/nxp/mcuxpressoide_10.2.1_795/ide/tools/bin/../lib/gcc/arm-none-eabi/7.2.1/../../../../arm-none-eabi/lib/thumb/v6-m\libcr_c.a(_cr_sbrk.o)
 .ARM.attributes
                0x00000620       0x31 c:/nxp/mcuxpressoide_10.2.1_795/ide/tools/bin/../lib/gcc/arm-none-eabi/7.2.1/../../../../arm-none-eabi/lib/thumb/v6-m\libcr_c.a(_fdopen.o)
 .ARM.attributes
                0x00000651       0x31 c:/nxp/mcuxpressoide_10.2.1_795/ide/tools/bin/../lib/gcc/arm-none-eabi/7.2.1/../../../../arm-none-eabi/lib/thumb/v6-m\libcr_c.a(errno.o)
 .ARM.attributes
                0x00000682       0x31 c:/nxp/mcuxpressoide_10.2.1_795/ide/tools/bin/../lib/gcc/arm-none-eabi/7.2.1/../../../../arm-none-eabi/lib/thumb/v6-m\libcr_c.a(fclose.o)
 .ARM.attributes
                0x000006b3       0x31 c:/nxp/mcuxpressoide_10.2.1_795/ide/tools/bin/../lib/gcc/arm-none-eabi/7.2.1/../../../../arm-none-eabi/lib/thumb/v6-m\libcr_c.a(fflush.o)
 .ARM.attributes
                0x000006e4       0x31 c:/nxp/mcuxpressoide_10.2.1_795/ide/tools/bin/../lib/gcc/arm-none-eabi/7.2.1/../../../../arm-none-eabi/lib/thumb/v6-m\libcr_c.a(remove.o)
 .ARM.attributes
                0x00000715       0x31 c:/nxp/mcuxpressoide_10.2.1_795/ide/tools/bin/../lib/gcc/arm-none-eabi/7.2.1/../../../../arm-none-eabi/lib/thumb/v6-m\libcr_c.a(strlen.o)
 .ARM.attributes
                0x00000746       0x31 c:/nxp/mcuxpressoide_10.2.1_795/ide/tools/bin/../lib/gcc/arm-none-eabi/7.2.1/../../../../arm-none-eabi/lib/thumb/v6-m\libcr_c.a(_cr_check_heap.o)
 .ARM.attributes
                0x00000777       0x31 c:/nxp/mcuxpressoide_10.2.1_795/ide/tools/bin/../lib/gcc/arm-none-eabi/7.2.1/../../../../arm-none-eabi/lib/thumb/v6-m\libcr_c.a(_do_fflush.o)
 .ARM.attributes
                0x000007a8       0x21 c:/nxp/mcuxpressoide_10.2.1_795/ide/tools/bin/../lib/gcc/arm-none-eabi/7.2.1/thumb/v6-m\libcr_eabihelpers.a(division_32.o)
 .ARM.attributes
                0x000007c9       0x21 c:/nxp/mcuxpressoide_10.2.1_795/ide/tools/bin/../lib/gcc/arm-none-eabi/7.2.1/thumb/v6-m\libcr_eabihelpers.a(division_idiv0.o)
 .ARM.attributes
                0x000007ea       0x21 c:/nxp/mcuxpressoide_10.2.1_795/ide/tools/bin/../lib/gcc/arm-none-eabi/7.2.1/thumb/v6-m\libcr_eabihelpers.a(memcpy.o)
 .ARM.attributes
                0x0000080b       0x21 c:/nxp/mcuxpressoide_10.2.1_795/ide/tools/bin/../lib/gcc/arm-none-eabi/7.2.1/../../../../arm-none-eabi/lib/thumb/v6-m\libcr_semihost_nf.a(__sys_close.o)
 .ARM.attributes
                0x0000082c       0x21 c:/nxp/mcuxpressoide_10.2.1_795/ide/tools/bin/../lib/gcc/arm-none-eabi/7.2.1/../../../../arm-none-eabi/lib/thumb/v6-m\libcr_semihost_nf.a(__sys_flen.o)
 .ARM.attributes
                0x0000084d       0x21 c:/nxp/mcuxpressoide_10.2.1_795/ide/tools/bin/../lib/gcc/arm-none-eabi/7.2.1/../../../../arm-none-eabi/lib/thumb/v6-m\libcr_semihost_nf.a(__sys_istty.o)
 .ARM.attributes
                0x0000086e       0x21 c:/nxp/mcuxpressoide_10.2.1_795/ide/tools/bin/../lib/gcc/arm-none-eabi/7.2.1/../../../../arm-none-eabi/lib/thumb/v6-m\libcr_semihost_nf.a(__sys_remove.o)
 .ARM.attributes
                0x0000088f       0x21 c:/nxp/mcuxpressoide_10.2.1_795/ide/tools/bin/../lib/gcc/arm-none-eabi/7.2.1/../../../../arm-none-eabi/lib/thumb/v6-m\libcr_semihost_nf.a(__sys_seek.o)
 .ARM.attributes
                0x000008b0       0x21 c:/nxp/mcuxpressoide_10.2.1_795/ide/tools/bin/../lib/gcc/arm-none-eabi/7.2.1/../../../../arm-none-eabi/lib/thumb/v6-m\libcr_semihost_nf.a(__sys_tmpnam.o)
 .ARM.attributes
                0x000008d1       0x21 c:/nxp/mcuxpressoide_10.2.1_795/ide/tools/bin/../lib/gcc/arm-none-eabi/7.2.1/../../../../arm-none-eabi/lib/thumb/v6-m\libcr_semihost_nf.a(__sys_write.o)

.debug_frame    0x00000000     0x22f0
 .debug_frame   0x00000000       0xcc ./utilities/fsl_debug_console.o
 .debug_frame   0x000000cc      0x3b0 ./startup/startup_mkl25z4.o
 .debug_frame   0x0000047c       0x2c ./source/Timer.o
 .debug_frame   0x000004a8       0x20 ./source/semihost_hardfault.o
 .debug_frame   0x000004c8       0xa8 ./source/sysTick.o
 .debug_frame   0x00000570      0x6e0 ./drivers/fsl_clock.o
 .debug_frame   0x00000c50      0x2e0 ./drivers/fsl_dma.o
 .debug_frame   0x00000f30      0x588 ./drivers/fsl_i2c.o
 .debug_frame   0x000014b8      0x418 ./drivers/fsl_lpsci.o
 .debug_frame   0x000018d0      0x468 ./drivers/fsl_spi.o
 .debug_frame   0x00001d38      0x468 ./drivers/fsl_uart.o
 .debug_frame   0x000021a0       0x50 ./board/board.o
 .debug_frame   0x000021f0       0x2c ./board/peripherals.o
 .debug_frame   0x0000221c       0x88 ./board/pin_mux.o
 .debug_frame   0x000022a4       0x4c ./CMSIS/system_MKL25Z4.o
