Archive member included to satisfy reference by file (symbol)

c:/nxp/mcuxpressoide_11.0.1_2563/ide/plugins/com.nxp.mcuxpresso.tools.win32_11.0.1.201907311258/tools/bin/../lib/gcc/arm-none-eabi/8.2.1/../../../../arm-none-eabi/lib/thumb/v6-m/nofp\libcr_semihost_nf.a(_cr__main.o)
                              ./startup/startup_mkl25z4.o (__main)
c:/nxp/mcuxpressoide_11.0.1_2563/ide/plugins/com.nxp.mcuxpresso.tools.win32_11.0.1.201907311258/tools/bin/../lib/gcc/arm-none-eabi/8.2.1/../../../../arm-none-eabi/lib/thumb/v6-m/nofp\libcr_semihost_nf.a(_cr_assert.o)
                              ./drivers/fsl_adc16.o (__assertion_failed)
c:/nxp/mcuxpressoide_11.0.1_2563/ide/plugins/com.nxp.mcuxpresso.tools.win32_11.0.1.201907311258/tools/bin/../lib/gcc/arm-none-eabi/8.2.1/../../../../arm-none-eabi/lib/thumb/v6-m/nofp\libcr_semihost_nf.a(__ciob.o)
                              c:/nxp/mcuxpressoide_11.0.1_2563/ide/plugins/com.nxp.mcuxpresso.tools.win32_11.0.1.201907311258/tools/bin/../lib/gcc/arm-none-eabi/8.2.1/../../../../arm-none-eabi/lib/thumb/v6-m/nofp\libcr_semihost_nf.a(_cr_assert.o) (__Ciob)
c:/nxp/mcuxpressoide_11.0.1_2563/ide/plugins/com.nxp.mcuxpresso.tools.win32_11.0.1.201907311258/tools/bin/../lib/gcc/arm-none-eabi/8.2.1/../../../../arm-none-eabi/lib/thumb/v6-m/nofp\libcr_semihost_nf.a(__sys_appexit.o)
                              c:/nxp/mcuxpressoide_11.0.1_2563/ide/plugins/com.nxp.mcuxpresso.tools.win32_11.0.1.201907311258/tools/bin/../lib/gcc/arm-none-eabi/8.2.1/../../../../arm-none-eabi/lib/thumb/v6-m/nofp\libcr_semihost_nf.a(_cr_assert.o) (__sys_appexit)
c:/nxp/mcuxpressoide_11.0.1_2563/ide/plugins/com.nxp.mcuxpresso.tools.win32_11.0.1.201907311258/tools/bin/../lib/gcc/arm-none-eabi/8.2.1/../../../../arm-none-eabi/lib/thumb/v6-m/nofp\libcr_c.a(memcpy.o)
                              ./source/init.o (memcpy)
c:/nxp/mcuxpressoide_11.0.1_2563/ide/plugins/com.nxp.mcuxpresso.tools.win32_11.0.1.201907311258/tools/bin/../lib/gcc/arm-none-eabi/8.2.1/../../../../arm-none-eabi/lib/thumb/v6-m/nofp\libcr_c.a(memset.o)
                              ./source/controller.o (memset)
c:/nxp/mcuxpressoide_11.0.1_2563/ide/plugins/com.nxp.mcuxpresso.tools.win32_11.0.1.201907311258/tools/bin/../lib/gcc/arm-none-eabi/8.2.1/../../../../arm-none-eabi/lib/thumb/v6-m/nofp\libcr_c.a(_deferredlazyseek.o)
                              c:/nxp/mcuxpressoide_11.0.1_2563/ide/plugins/com.nxp.mcuxpresso.tools.win32_11.0.1.201907311258/tools/bin/../lib/gcc/arm-none-eabi/8.2.1/../../../../arm-none-eabi/lib/thumb/v6-m/nofp\libcr_semihost_nf.a(_cr_assert.o) (__flsbuf)
c:/nxp/mcuxpressoide_11.0.1_2563/ide/plugins/com.nxp.mcuxpresso.tools.win32_11.0.1.201907311258/tools/bin/../lib/gcc/arm-none-eabi/8.2.1/../../../../arm-none-eabi/lib/thumb/v6-m/nofp\libcr_c.a(_fflush.o)
                              c:/nxp/mcuxpressoide_11.0.1_2563/ide/plugins/com.nxp.mcuxpresso.tools.win32_11.0.1.201907311258/tools/bin/../lib/gcc/arm-none-eabi/8.2.1/../../../../arm-none-eabi/lib/thumb/v6-m/nofp\libcr_c.a(_deferredlazyseek.o) (_fflush)
c:/nxp/mcuxpressoide_11.0.1_2563/ide/plugins/com.nxp.mcuxpresso.tools.win32_11.0.1.201907311258/tools/bin/../lib/gcc/arm-none-eabi/8.2.1/../../../../arm-none-eabi/lib/thumb/v6-m/nofp\libcr_c.a(_writebuf.o)
                              c:/nxp/mcuxpressoide_11.0.1_2563/ide/plugins/com.nxp.mcuxpresso.tools.win32_11.0.1.201907311258/tools/bin/../lib/gcc/arm-none-eabi/8.2.1/../../../../arm-none-eabi/lib/thumb/v6-m/nofp\libcr_c.a(_deferredlazyseek.o) (_Cwritebuf)
c:/nxp/mcuxpressoide_11.0.1_2563/ide/plugins/com.nxp.mcuxpresso.tools.win32_11.0.1.201907311258/tools/bin/../lib/gcc/arm-none-eabi/8.2.1/../../../../arm-none-eabi/lib/thumb/v6-m/nofp\libcr_c.a(alloc.o)
                              c:/nxp/mcuxpressoide_11.0.1_2563/ide/plugins/com.nxp.mcuxpresso.tools.win32_11.0.1.201907311258/tools/bin/../lib/gcc/arm-none-eabi/8.2.1/../../../../arm-none-eabi/lib/thumb/v6-m/nofp\libcr_c.a(_deferredlazyseek.o) (_Csys_alloc)
c:/nxp/mcuxpressoide_11.0.1_2563/ide/plugins/com.nxp.mcuxpresso.tools.win32_11.0.1.201907311258/tools/bin/../lib/gcc/arm-none-eabi/8.2.1/../../../../arm-none-eabi/lib/thumb/v6-m/nofp\libcr_c.a(fputs.o)
                              c:/nxp/mcuxpressoide_11.0.1_2563/ide/plugins/com.nxp.mcuxpresso.tools.win32_11.0.1.201907311258/tools/bin/../lib/gcc/arm-none-eabi/8.2.1/../../../../arm-none-eabi/lib/thumb/v6-m/nofp\libcr_semihost_nf.a(_cr_assert.o) (fputs)
c:/nxp/mcuxpressoide_11.0.1_2563/ide/plugins/com.nxp.mcuxpresso.tools.win32_11.0.1.201907311258/tools/bin/../lib/gcc/arm-none-eabi/8.2.1/../../../../arm-none-eabi/lib/thumb/v6-m/nofp\libcr_c.a(fseek.o)
                              c:/nxp/mcuxpressoide_11.0.1_2563/ide/plugins/com.nxp.mcuxpresso.tools.win32_11.0.1.201907311258/tools/bin/../lib/gcc/arm-none-eabi/8.2.1/../../../../arm-none-eabi/lib/thumb/v6-m/nofp\libcr_c.a(_deferredlazyseek.o) (fseek)
[...]
Memory Configuration

Name             Origin             Length             Attributes
PROGRAM_FLASH    0x00000000         0x00020000         xr
SRAM             0x1ffff000         0x00004000         xrw
*default*        0x00000000         0xffffffff

Linker script and memory map

LOAD ./utilities/fsl_debug_console.o
LOAD ./startup/startup_mkl25z4.o
LOAD ./source/LCD_4bit.o
LOAD ./source/Project5.o
LOAD ./source/adc.o
LOAD ./source/controller.o
LOAD ./source/debug.o
LOAD ./source/init.o
LOAD ./source/interrupts.o
LOAD ./source/mtb.o
LOAD ./source/pwm.o
LOAD ./source/semihost_hardfault.o
LOAD ./source/updatestate.o
LOAD ./drivers/fsl_adc16.o
LOAD ./drivers/fsl_clock.o
LOAD ./drivers/fsl_cmp.o
LOAD ./drivers/fsl_common.o
LOAD ./drivers/fsl_cop.o
LOAD ./drivers/fsl_dac.o
LOAD ./drivers/fsl_dma.o
LOAD ./drivers/fsl_dmamux.o
LOAD ./drivers/fsl_flash.o
LOAD ./drivers/fsl_gpio.o
LOAD ./drivers/fsl_i2c.o
LOAD ./drivers/fsl_i2c_dma.o
LOAD ./drivers/fsl_llwu.o
LOAD ./drivers/fsl_lpsci.o
LOAD ./drivers/fsl_lpsci_dma.o
LOAD ./drivers/fsl_lptmr.o
LOAD ./drivers/fsl_pit.o
LOAD ./drivers/fsl_pmc.o
LOAD ./drivers/fsl_rcm.o
LOAD ./drivers/fsl_rtc.o
LOAD ./drivers/fsl_sim.o
LOAD ./drivers/fsl_smc.o
LOAD ./drivers/fsl_spi.o
LOAD ./drivers/fsl_spi_dma.o
LOAD ./drivers/fsl_tpm.o
LOAD ./drivers/fsl_tsi_v4.o
LOAD ./drivers/fsl_uart.o
LOAD ./drivers/fsl_uart_dma.o
LOAD ./board/board.o
LOAD ./board/clock_config.o
LOAD ./board/peripherals.o
LOAD ./board/pin_mux.o
LOAD ./CMSIS/system_MKL25Z4.o
START GROUP
LOAD c:/nxp/mcuxpressoide_11.0.1_2563/ide/plugins/com.nxp.mcuxpresso.tools.win32_11.0.1.201907311258/tools/bin/../lib/gcc/arm-none-eabi/8.2.1/../../../../arm-none-eabi/lib/thumb/v6-m/nofp\libcr_semihost_nf.a
LOAD c:/nxp/mcuxpressoide_11.0.1_2563/ide/plugins/com.nxp.mcuxpresso.tools.win32_11.0.1.201907311258/tools/bin/../lib/gcc/arm-none-eabi/8.2.1/../../../../arm-none-eabi/lib/thumb/v6-m/nofp\libcr_c.a
LOAD c:/nxp/mcuxpressoide_11.0.1_2563/ide/plugins/com.nxp.mcuxpresso.tools.win32_11.0.1.201907311258/tools/bin/../lib/gcc/arm-none-eabi/8.2.1/thumb/v6-m/nofp\libcr_eabihelpers.a
LOAD c:/nxp/mcuxpressoide_11.0.1_2563/ide/plugins/com.nxp.mcuxpresso.tools.win32_11.0.1.201907311258/tools/bin/../lib/gcc/arm-none-eabi/8.2.1/thumb/v6-m/nofp\libgcc.a
END GROUP
                0x00000000                __base_PROGRAM_FLASH = 0x0
                0x00000000                __base_Flash = 0x0
                0x00020000                __top_PROGRAM_FLASH = 0x20000
                0x00020000                __top_Flash = 0x20000
                0x1ffff000                __base_SRAM = 0x1ffff000
                0x1ffff000                __base_RAM = 0x1ffff000
                0x20003000                __top_SRAM = 0x20003000
                0x20003000                __top_RAM = 0x20003000

.text           0x00000000     0x68c8
 FILL mask 0xff
                0x00000000                __vectors_start__ = ABSOLUTE (.)
 *(.isr_vector)
 .isr_vector    0x00000000       0xc0 ./startup/startup_mkl25z4.o
                0x00000000                g_pfnVectors
                0x00000000                __Vectors
                0x000000c0                . = ALIGN (0x4)
                0x000000c0                __section_table_start = .
                0x000000c0                __data_section_table = .
                0x000000c0        0x4 LONG 0x68c8 LOADADDR (.data)
                0x000000c4        0x4 LONG 0x1ffff080 ADDR (.data)
                0x000000c8        0x4 LONG 0x14 SIZEOF (.data)
                0x000000cc                __data_section_table_end = .
                0x000000cc                __bss_section_table = .
                0x000000cc        0x4 LONG 0x1ffff098 ADDR (.bss)
                0x000000d0        0x4 LONG 0x238 SIZEOF (.bss)
                0x000000d4                __bss_section_table_end = .
                0x000000d4                __section_table_end = .
 *(.after_vectors*)
 .after_vectors.init_data
                0x000000d4       0x12 ./startup/startup_mkl25z4.o
                0x000000d4                data_init
 .after_vectors.init_bss
                0x000000e6       0x10 ./startup/startup_mkl25z4.o
                0x000000e6                bss_init
 *fill*         0x000000f6        0x2 ff
 .after_vectors.reset
                0x000000f8       0x4c ./startup/startup_mkl25z4.o
                0x000000f8                ResetISR
 .after_vectors
                0x00000144      0x10c ./startup/startup_mkl25z4.o
                0x00000144                NMI_Handler
                0x00000148                SVC_Handler
                0x0000014a                PendSV_Handler
                0x0000014e                LPTMR0_DriverIRQHandler
                0x0000014e                PORTD_DriverIRQHandler
                0x0000014e                Reserved39_DriverIRQHandler
                0x0000014e                CMP0_DriverIRQHandler
                0x0000014e                ADC0_DriverIRQHandler
                0x0000014e                LVD_LVW_DriverIRQHandler
                0x0000014e                TPM2_DriverIRQHandler
                0x0000014e                PIT_DriverIRQHandler
                0x0000014e                RTC_DriverIRQHandler
                0x0000014e                TSI0_DriverIRQHandler
                0x0000014e                RTC_Seconds_DriverIRQHandler
                0x0000014e                TPM1_DriverIRQHandler
                0x0000014e                PORTA_DriverIRQHandler
                0x0000014e                LLWU_DriverIRQHandler
                0x0000014e                MCG_DriverIRQHandler
                0x0000014e                Reserved45_DriverIRQHandler
                0x0000014e                Reserved20_DriverIRQHandler
                0x0000014e                DAC0_DriverIRQHandler
                0x0000014e                FTFA_DriverIRQHandler
                0x0000014e                IntDefaultHandler
                0x0000014e                USB0_DriverIRQHandler
                0x0000014e                TPM0_DriverIRQHandler
                0x00000150                DMA0_IRQHandler
                0x00000158                DMA1_IRQHandler
                0x00000160                DMA2_IRQHandler
                0x00000168                DMA3_IRQHandler
                0x00000170                Reserved20_IRQHandler
                0x00000178                FTFA_IRQHandler
                0x00000180                LVD_LVW_IRQHandler
                0x00000188                LLWU_IRQHandler
                0x00000190                I2C0_IRQHandler
                0x00000198                I2C1_IRQHandler
                0x000001a0                SPI0_IRQHandler
                0x000001a8                SPI1_IRQHandler
                0x000001b0                UART0_IRQHandler
                0x000001b8                UART1_IRQHandler
                0x000001c0                UART2_IRQHandler
                0x000001c8                ADC0_IRQHandler
                0x000001d0                CMP0_IRQHandler
                0x000001d8                TPM0_IRQHandler
                0x000001e0                TPM1_IRQHandler
                0x000001e8                TPM2_IRQHandler
                0x000001f0                RTC_IRQHandler
                0x000001f8                RTC_Seconds_IRQHandler
                0x00000200                PIT_IRQHandler
                0x00000208                Reserved39_IRQHandler
                0x00000210                USB0_IRQHandler
                0x00000218                DAC0_IRQHandler
                0x00000220                TSI0_IRQHandler
                0x00000228                MCG_IRQHandler
                0x00000230                LPTMR0_IRQHandler
                0x00000238                Reserved45_IRQHandler
                0x00000240                PORTA_IRQHandler
                0x00000400                . = 0x400
 *fill*         0x00000250      0x1b0 ff
                0x00000400                PROVIDE (__FLASH_CONFIG_START__ = .)
 *(.FlashConfig)
 .FlashConfig   0x00000400       0x10 ./startup/startup_mkl25z4.o
                0x00000400                Flash_Config
                0x00000410                PROVIDE (__FLASH_CONFIG_END__ = .)
                0x00000001                ASSERT (! ((__FLASH_CONFIG_START__ == __FLASH_CONFIG_END__)), Linker Flash Config Support Enabled, but no .FlashConfig section provided within application)
 *(.text*)
 .text.UART_EnableTx
                0x00000410       0x40 ./utilities/fsl_debug_console.o
 .text.UART_EnableRx
                0x00000450       0x40 ./utilities/fsl_debug_console.o
 .text.LPSCI_EnableTx
                0x00000490       0x40 ./utilities/fsl_debug_console.o
 .text.LPSCI_EnableRx
                0x000004d0       0x40 ./utilities/fsl_debug_console.o
 .text.DbgConsole_Init
                0x00000510       0xf0 ./utilities/fsl_debug_console.o
                0x00000510                DbgConsole_Init
 .text.Delay    0x00000600       0x34 ./source/LCD_4bit.o
                0x00000600                Delay
 .text.lcd_read_status
                0x00000634       0xa0 ./source/LCD_4bit.o
 .text.wait_while_busy
                0x000006d4       0x18 ./source/LCD_4bit.o
                0x000006d4                wait_while_busy
 .text.lcd_write_4bit
                0x000006ec       0x5c ./source/LCD_4bit.o
                0x000006ec                lcd_write_4bit
 .text.lcd_write_cmd
                0x00000748       0x3c ./source/LCD_4bit.o
                0x00000748                lcd_write_cmd
 .text.lcd_write_data
                0x00000784       0x3c ./source/LCD_4bit.o
 .text.lcd_putchar
                0x000007c0       0x1e ./source/LCD_4bit.o
                0x000007c0                lcd_putchar
 *fill*         0x000007de        0x2 ff
 .text.lcd_init_port
                0x000007e0       0x64 ./source/LCD_4bit.o
                0x000007e0                lcd_init_port
 .text.Init_LCD
                0x00000844       0x98 ./source/LCD_4bit.o
                0x00000844                Init_LCD
 .text.Set_Cursor
                0x000008dc       0x46 ./source/LCD_4bit.o
                0x000008dc                Set_Cursor
 .text.Clear_LCD
                0x00000922       0x18 ./source/LCD_4bit.o
                0x00000922                Clear_LCD
 .text.Print_LCD
                0x0000093a       0x28 ./source/LCD_4bit.o
                0x0000093a                Print_LCD
 *fill*         0x00000962        0x2 ff
 .text.main     0x00000964       0x24 ./source/Project5.o
                0x00000964                main
 .text.adcInit  0x00000988      0x128 ./source/adc.o
                0x00000988                adcInit
 .text.adcRead  0x00000ab0       0xc8 ./source/adc.o
                0x00000ab0                adcRead
 .text.initTempIP
                0x00000b78       0x10 ./source/controller.o
                0x00000b78                initTempIP
 .text.initHeaterPWM
                0x00000b88       0x20 ./source/controller.o
                0x00000b88                initHeaterPWM
 .text.ctrlR    0x00000ba8      0x208 ./source/controller.o
                0x00000ba8                ctrlR
 .text.initDebug
                0x00000db0       0x54 ./source/debug.o
                0x00000db0                initDebug
 .text.toggleDebug
                0x00000e04       0x1c ./source/debug.o
                0x00000e04                toggleDebug
 .text.clearDebug
                0x00000e20       0x1c ./source/debug.o
                0x00000e20                clearDebug
 .text.NVIC_EnableIRQ
                0x00000e3c       0x2c ./source/init.o
 .text.NVIC_ClearPendingIRQ
                0x00000e68       0x30 ./source/init.o
 .text.NVIC_SetPriority
                0x00000e98       0xdc ./source/init.o
 .text.SysTick_Config
                0x00000f74       0x48 ./source/init.o
 .text.initFood
                0x00000fbc       0x58 ./source/init.o
                0x00000fbc                initFood
 .text.initswitch
                0x00001014       0x84 ./source/init.o
                0x00001014                initswitch
 .text.init     0x00001098      0x1ec ./source/init.o
                0x00001098                init
 .text.NVIC_ClearPendingIRQ
                0x00001284       0x30 ./source/interrupts.o
 .text.processDebounce
                0x000012b4       0x60 ./source/interrupts.o
                0x000012b4                processDebounce
 .text.SysTick_Handler
                0x00001314      0x254 ./source/interrupts.o
                0x00001314                SysTick_Handler
 .text.processIRQ
                0x00001568       0x4c ./source/interrupts.o
                0x00001568                processIRQ
 .text.PORTD_IRQHandler
                0x000015b4       0x6c ./source/interrupts.o
                0x000015b4                PORTD_IRQHandler
 .text.initPWM  0x00001620      0x21c ./source/pwm.o
                0x00001620                initPWM
 .text.setDutycycle
                0x0000183c       0xd0 ./source/pwm.o
                0x0000183c                setDutycycle
 .text.HardFault_Handler
                0x0000190c       0x30 ./source/semihost_hardfault.o
                0x0000190c                HardFault_Handler
 .text.updateHeaterState
                0x0000193c      0x220 ./source/updatestate.o
                0x0000193c                updateHeaterState
 .text.CLOCK_SetEr32kClock
                0x00001b5c       0x34 ./drivers/fsl_clock.o
 .text.CLOCK_SetPllFllSelClock
                0x00001b90       0x38 ./drivers/fsl_clock.o
 .text.OSC_SetExtRefClkConfig
                0x00001bc8       0x3e ./drivers/fsl_clock.o
 .text.OSC_SetCapLoad
                0x00001c06       0x42 ./drivers/fsl_clock.o
 .text.CLOCK_GetMcgExtClkFreq
                0x00001c48       0x28 ./drivers/fsl_clock.o
 .text.CLOCK_GetFllExtRefClkFreq
                0x00001c70       0xa4 ./drivers/fsl_clock.o
 .text.CLOCK_GetFllRefClkFreq
                0x00001d14       0x2c ./drivers/fsl_clock.o
 .text.CLOCK_GetPll0RefFreq
                0x00001d40       0x10 ./drivers/fsl_clock.o
 .text.CLOCK_GetOscRangeFromFreq
                0x00001d50       0x4c ./drivers/fsl_clock.o
 .text.CLOCK_GetPllFllSelClkFreq
                0x00001d9c       0x4c ./drivers/fsl_clock.o
                0x00001d9c                CLOCK_GetPllFllSelClkFreq
 .text.CLOCK_SetSimConfig
                0x00001de8       0x38 ./drivers/fsl_clock.o
                0x00001de8                CLOCK_SetSimConfig
 .text.CLOCK_GetFllFreq
                0x00001e20       0x84 ./drivers/fsl_clock.o
                0x00001e20                CLOCK_GetFllFreq
 .text.CLOCK_GetPll0Freq
                0x00001ea4       0x70 ./drivers/fsl_clock.o
                0x00001ea4                CLOCK_GetPll0Freq
 .text.CLOCK_SetExternalRefClkConfig
                0x00001f14       0x16 ./drivers/fsl_clock.o
                0x00001f14                CLOCK_SetExternalRefClkConfig
 *fill*         0x00001f2a        0x2 ff
 .text.CLOCK_SetInternalRefClkConfig
                0x00001f2c      0x124 ./drivers/fsl_clock.o
                0x00001f2c                CLOCK_SetInternalRefClkConfig
 .text.CLOCK_EnablePll0
                0x00002050       0x90 ./drivers/fsl_clock.o
                0x00002050                CLOCK_EnablePll0
 .text.CLOCK_InitOsc0
                0x000020e0       0x94 ./drivers/fsl_clock.o
                0x000020e0                CLOCK_InitOsc0
 .text.CLOCK_SetPbeMode
                0x00002174       0xb0 ./drivers/fsl_clock.o
                0x00002174                CLOCK_SetPbeMode
 .text.CLOCK_BootToPeeMode
                0x00002224       0x70 ./drivers/fsl_clock.o
                0x00002224                CLOCK_BootToPeeMode
 .text.DMA_ClearChannelStatusFlags
                0x00002294       0x54 ./drivers/fsl_dma.o
 .text.DMA_HandleIRQ
                0x000022e8       0x4c ./drivers/fsl_dma.o
                0x000022e8                DMA_HandleIRQ
 .text.DMA0_DriverIRQHandler
                0x00002334       0x18 ./drivers/fsl_dma.o
                0x00002334                DMA0_DriverIRQHandler
 .text.DMA1_DriverIRQHandler
                0x0000234c       0x18 ./drivers/fsl_dma.o
                0x0000234c                DMA1_DriverIRQHandler
 .text.DMA2_DriverIRQHandler
                0x00002364       0x18 ./drivers/fsl_dma.o
                0x00002364                DMA2_DriverIRQHandler
 .text.DMA3_DriverIRQHandler
                0x0000237c       0x18 ./drivers/fsl_dma.o
                0x0000237c                DMA3_DriverIRQHandler
 .text.I2C_TransferCommonIRQHandler
                0x00002394       0x54 ./drivers/fsl_i2c.o
 .text.I2C0_DriverIRQHandler
                0x000023e8       0x20 ./drivers/fsl_i2c.o
                0x000023e8                I2C0_DriverIRQHandler
 .text.I2C1_DriverIRQHandler
                0x00002408       0x20 ./drivers/fsl_i2c.o
                0x00002408                I2C1_DriverIRQHandler
 .text.CLOCK_EnableClock
                0x00002428       0x34 ./drivers/fsl_lpsci.o
 .text.LPSCI_GetInstance
                0x0000245c       0x48 ./drivers/fsl_lpsci.o
                0x0000245c                LPSCI_GetInstance
 .text.LPSCI_Init
                0x000024a4      0x258 ./drivers/fsl_lpsci.o
                0x000024a4                LPSCI_Init
 .text.LPSCI_GetDefaultConfig
                0x000026fc       0x44 ./drivers/fsl_lpsci.o
                0x000026fc                LPSCI_GetDefaultConfig
 .text.LPSCI_GetStatusFlags
                0x00002740       0x26 ./drivers/fsl_lpsci.o
                0x00002740                LPSCI_GetStatusFlags
 *fill*         0x00002766        0x2 ff
 .text.LPSCI_ClearStatusFlags
                0x00002768       0x94 ./drivers/fsl_lpsci.o
                0x00002768                LPSCI_ClearStatusFlags
 .text.LPSCI_WriteBlocking
                0x000027fc       0x4c ./drivers/fsl_lpsci.o
                0x000027fc                LPSCI_WriteBlocking
 .text.LPSCI_ReadBlocking
                0x00002848       0xc0 ./drivers/fsl_lpsci.o
                0x00002848                LPSCI_ReadBlocking
 .text.UART0_DriverIRQHandler
                0x00002908       0x24 ./drivers/fsl_lpsci.o
                0x00002908                UART0_DriverIRQHandler
 .text.SPI_CommonIRQHandler
                0x0000292c       0x54 ./drivers/fsl_spi.o
 .text.SPI0_DriverIRQHandler
                0x00002980       0x30 ./drivers/fsl_spi.o
                0x00002980                SPI0_DriverIRQHandler
 .text.SPI1_DriverIRQHandler
                0x000029b0       0x30 ./drivers/fsl_spi.o
                0x000029b0                SPI1_DriverIRQHandler
 .text.CLOCK_EnableClock
                0x000029e0       0x34 ./drivers/fsl_uart.o
 .text.UART_GetInstance
                0x00002a14       0x54 ./drivers/fsl_uart.o
                0x00002a14                UART_GetInstance
 .text.UART_Init
                0x00002a68      0x1e0 ./drivers/fsl_uart.o
                0x00002a68                UART_Init
 .text.UART_GetDefaultConfig
                0x00002c48       0x44 ./drivers/fsl_uart.o
                0x00002c48                UART_GetDefaultConfig
 .text.UART_GetStatusFlags
                0x00002c8c       0x26 ./drivers/fsl_uart.o
                0x00002c8c                UART_GetStatusFlags
 .text.UART_WriteBlocking
                0x00002cb2       0x3a ./drivers/fsl_uart.o
                0x00002cb2                UART_WriteBlocking
 .text.UART_ReadBlocking
                0x00002cec       0x98 ./drivers/fsl_uart.o
                0x00002cec                UART_ReadBlocking
 .text.UART1_DriverIRQHandler
                0x00002d84       0x24 ./drivers/fsl_uart.o
                0x00002d84                UART1_DriverIRQHandler
 .text.UART2_DriverIRQHandler
                0x00002da8       0x24 ./drivers/fsl_uart.o
                0x00002da8                UART2_DriverIRQHandler
 .text.CLOCK_SetLpsci0Clock
                0x00002dcc       0x38 ./board/board.o
 .text.BOARD_InitDebugConsole
                0x00002e04       0x30 ./board/board.o
                0x00002e04                BOARD_InitDebugConsole
 .text.CLOCK_SetSimSafeDivs
                0x00002e34       0x20 ./board/clock_config.o
 .text.CLOCK_SetXtal0Freq
                0x00002e54       0x1c ./board/clock_config.o
 .text.BOARD_InitBootClocks
                0x00002e70        0xe ./board/clock_config.o
                0x00002e70                BOARD_InitBootClocks
 *fill*         0x00002e7e        0x2 ff
 .text.CLOCK_CONFIG_SetFllExtRefDiv
                0x00002e80       0x3c ./board/clock_config.o
 .text.BOARD_BootClockRUN
                0x00002ebc       0x64 ./board/clock_config.o
                0x00002ebc                BOARD_BootClockRUN
 .text.BOARD_InitBootPeripherals
                0x00002f20        0xa ./board/peripherals.o
                0x00002f20                BOARD_InitBootPeripherals
 *fill*         0x00002f2a        0x2 ff
 .text.CLOCK_EnableClock
                0x00002f2c       0x34 ./board/pin_mux.o
 .text.PORT_SetPinMux
                0x00002f60       0x40 ./board/pin_mux.o
 .text.BOARD_InitBootPins
                0x00002fa0        0xe ./board/pin_mux.o
                0x00002fa0                BOARD_InitBootPins
 *fill*         0x00002fae        0x2 ff
 .text.BOARD_InitPins
                0x00002fb0       0x4c ./board/pin_mux.o
                0x00002fb0                BOARD_InitPins
 .text.SystemInit
                0x00002ffc       0x18 ./CMSIS/system_MKL25Z4.o
                0x00002ffc                SystemInit
 .text.__main   0x00003014        0xc c:/nxp/mcuxpressoide_11.0.1_2563/ide/plugins/com.nxp.mcuxpresso.tools.win32_11.0.1.201907311258/tools/bin/../lib/gcc/arm-none-eabi/8.2.1/../../../../arm-none-eabi/lib/thumb/v6-m/nofp\libcr_semihost_nf.a(_cr__main.o)
                0x00003014                __CR_SEMIHOST
                0x00003014                __main
 .text.__assertion_failed
                0x00003020       0x4c c:/nxp/mcuxpressoide_11.0.1_2563/ide/plugins/com.nxp.mcuxpresso.tools.win32_11.0.1.201907311258/tools/bin/../lib/gcc/arm-none-eabi/8.2.1/../../../../arm-none-eabi/lib/thumb/v6-m/nofp\libcr_semihost_nf.a(_cr_assert.o)
                0x00003020                __assertion_failed
 .text.__sys_appexit
                0x0000306c        0xc c:/nxp/mcuxpressoide_11.0.1_2563/ide/plugins/com.nxp.mcuxpresso.tools.win32_11.0.1.201907311258/tools/bin/../lib/gcc/arm-none-eabi/8.2.1/../../../../arm-none-eabi/lib/thumb/v6-m/nofp\libcr_semihost_nf.a(__sys_appexit.o)
                0x0000306c                __sys_appexit
                0x0000306c                __exit
 .text.memcpy   0x00003078        0x8 c:/nxp/mcuxpressoide_11.0.1_2563/ide/plugins/com.nxp.mcuxpresso.tools.win32_11.0.1.201907311258/tools/bin/../lib/gcc/arm-none-eabi/8.2.1/../../../../arm-none-eabi/lib/thumb/v6-m/nofp\libcr_c.a(memcpy.o)
                0x00003078                memcpy
 .text.memset   0x00003080        0x8 c:/nxp/mcuxpressoide_11.0.1_2563/ide/plugins/com.nxp.mcuxpresso.tools.win32_11.0.1.201907311258/tools/bin/../lib/gcc/arm-none-eabi/8.2.1/../../../../arm-none-eabi/lib/thumb/v6-m/nofp\libcr_c.a(memset.o)
                0x00003080                memset
 .text._deferredlazyseek
                0x00003088       0x40 c:/nxp/mcuxpressoide_11.0.1_2563/ide/plugins/com.nxp.mcuxpresso.tools.win32_11.0.1.201907311258/tools/bin/../lib/gcc/arm-none-eabi/8.2.1/../../../../arm-none-eabi/lib/thumb/v6-m/nofp\libcr_c.a(_deferredlazyseek.o)
                0x00003088                _deferredlazyseek
 .text.__flsbuf
                0x000030c8      0x14c c:/nxp/mcuxpressoide_11.0.1_2563/ide/plugins/com.nxp.mcuxpresso.tools.win32_11.0.1.201907311258/tools/bin/../lib/gcc/arm-none-eabi/8.2.1/../../../../arm-none-eabi/lib/thumb/v6-m/nofp\libcr_c.a(_deferredlazyseek.o)
                0x000030c8                __flsbuf
 .text._fflush  0x00003214       0x5c c:/nxp/mcuxpressoide_11.0.1_2563/ide/plugins/com.nxp.mcuxpresso.tools.win32_11.0.1.201907311258/tools/bin/../lib/gcc/arm-none-eabi/8.2.1/../../../../arm-none-eabi/lib/thumb/v6-m/nofp\libcr_c.a(_fflush.o)
                0x00003214                _fflush
 .text._Cwritebuf
                0x00003270       0x68 c:/nxp/mcuxpressoide_11.0.1_2563/ide/plugins/com.nxp.mcuxpresso.tools.win32_11.0.1.201907311258/tools/bin/../lib/gcc/arm-none-eabi/8.2.1/../../../../arm-none-eabi/lib/thumb/v6-m/nofp\libcr_c.a(_writebuf.o)
                0x00003270                _Cwritebuf
 .text.malloc   0x000032d8       0xcc c:/nxp/mcuxpressoide_11.0.1_2563/ide/plugins/com.nxp.mcuxpresso.tools.win32_11.0.1.201907311258/tools/bin/../lib/gcc/arm-none-eabi/8.2.1/../../../../arm-none-eabi/lib/thumb/v6-m/nofp\libcr_c.a(alloc.o)
                0x000032d8                malloc
 .text.free     0x000033a4       0x2c c:/nxp/mcuxpressoide_11.0.1_2563/ide/plugins/com.nxp.mcuxpresso.tools.win32_11.0.1.201907311258/tools/bin/../lib/gcc/arm-none-eabi/8.2.1/../../../../arm-none-eabi/lib/thumb/v6-m/nofp\libcr_c.a(alloc.o)
                0x000033a4                free
 .text._Csys_alloc
                0x000033d0       0x20 c:/nxp/mcuxpressoide_11.0.1_2563/ide/plugins/com.nxp.mcuxpresso.tools.win32_11.0.1.201907311258/tools/bin/../lib/gcc/arm-none-eabi/8.2.1/../../../../arm-none-eabi/lib/thumb/v6-m/nofp\libcr_c.a(alloc.o)
                0x000033d0                _Csys_alloc
 .text.fputs    0x000033f0       0x2e c:/nxp/mcuxpressoide_11.0.1_2563/ide/plugins/com.nxp.mcuxpresso.tools.win32_11.0.1.201907311258/tools/bin/../lib/gcc/arm-none-eabi/8.2.1/../../../../arm-none-eabi/lib/thumb/v6-m/nofp\libcr_c.a(fputs.o)
                0x000033f0                fputs
 *fill*         0x0000341e        0x2 ff
 .text.fseek    0x00003420       0xf0 c:/nxp/mcuxpressoide_11.0.1_2563/ide/plugins/com.nxp.mcuxpresso.tools.win32_11.0.1.201907311258/tools/bin/../lib/gcc/arm-none-eabi/8.2.1/../../../../arm-none-eabi/lib/thumb/v6-m/nofp\libcr_c.a(fseek.o)
                0x00003420                fseek
 .text.ftell    0x00003510       0x48 c:/nxp/mcuxpressoide_11.0.1_2563/ide/plugins/com.nxp.mcuxpresso.tools.win32_11.0.1.201907311258/tools/bin/../lib/gcc/arm-none-eabi/8.2.1/../../../../arm-none-eabi/lib/thumb/v6-m/nofp\libcr_c.a(ftell.o)
                0x00003510                ftell
 .text._initio  0x00003558       0x7c c:/nxp/mcuxpressoide_11.0.1_2563/ide/plugins/com.nxp.mcuxpresso.tools.win32_11.0.1.201907311258/tools/bin/../lib/gcc/arm-none-eabi/8.2.1/../../../../arm-none-eabi/lib/thumb/v6-m/nofp\libcr_c.a(initio.o)
                0x00003558                _initio
 .text.log      0x000035d4      0x1c0 c:/nxp/mcuxpressoide_11.0.1_2563/ide/plugins/com.nxp.mcuxpresso.tools.win32_11.0.1.201907311258/tools/bin/../lib/gcc/arm-none-eabi/8.2.1/../../../../arm-none-eabi/lib/thumb/v6-m/nofp\libcr_c.a(log.o)
                0x000035d4                log
 .text.no_fp_display
                0x00003794        0x4 c:/nxp/mcuxpressoide_11.0.1_2563/ide/plugins/com.nxp.mcuxpresso.tools.win32_11.0.1.201907311258/tools/bin/../lib/gcc/arm-none-eabi/8.2.1/../../../../arm-none-eabi/lib/thumb/v6-m/nofp\libcr_c.a(printf.o)
 .text.__vfprintf
                0x00003798      0xcd8 c:/nxp/mcuxpressoide_11.0.1_2563/ide/plugins/com.nxp.mcuxpresso.tools.win32_11.0.1.201907311258/tools/bin/../lib/gcc/arm-none-eabi/8.2.1/../../../../arm-none-eabi/lib/thumb/v6-m/nofp\libcr_c.a(printf.o)
                0x00003798                __vfprintf
 .text._sprintf
                0x00004470       0x6c c:/nxp/mcuxpressoide_11.0.1_2563/ide/plugins/com.nxp.mcuxpresso.tools.win32_11.0.1.201907311258/tools/bin/../lib/gcc/arm-none-eabi/8.2.1/../../../../arm-none-eabi/lib/thumb/v6-m/nofp\libcr_c.a(printf.o)
                0x00004470                _sprintf
 .text._vsnprintf
                0x000044dc       0x70 c:/nxp/mcuxpressoide_11.0.1_2563/ide/plugins/com.nxp.mcuxpresso.tools.win32_11.0.1.201907311258/tools/bin/../lib/gcc/arm-none-eabi/8.2.1/../../../../arm-none-eabi/lib/thumb/v6-m/nofp\libcr_c.a(printf.o)
                0x000044dc                _vsnprintf
 .text._printf  0x0000454c       0x50 c:/nxp/mcuxpressoide_11.0.1_2563/ide/plugins/com.nxp.mcuxpresso.tools.win32_11.0.1.201907311258/tools/bin/../lib/gcc/arm-none-eabi/8.2.1/../../../../arm-none-eabi/lib/thumb/v6-m/nofp\libcr_c.a(printf.o)
                0x0000454c                _printf
 .text.setvbuf  0x0000459c       0x4c c:/nxp/mcuxpressoide_11.0.1_2563/ide/plugins/com.nxp.mcuxpresso.tools.win32_11.0.1.201907311258/tools/bin/../lib/gcc/arm-none-eabi/8.2.1/../../../../arm-none-eabi/lib/thumb/v6-m/nofp\libcr_c.a(setvbuf.o)
                0x0000459c                setvbuf
 .text.strcpy   0x000045e8       0x44 c:/nxp/mcuxpressoide_11.0.1_2563/ide/plugins/com.nxp.mcuxpresso.tools.win32_11.0.1.201907311258/tools/bin/../lib/gcc/arm-none-eabi/8.2.1/../../../../arm-none-eabi/lib/thumb/v6-m/nofp\libcr_c.a(strcpy.o)
                0x000045e8                strcpy
 .text.strlen   0x0000462c       0x58 c:/nxp/mcuxpressoide_11.0.1_2563/ide/plugins/com.nxp.mcuxpresso.tools.win32_11.0.1.201907311258/tools/bin/../lib/gcc/arm-none-eabi/8.2.1/../../../../arm-none-eabi/lib/thumb/v6-m/nofp\libcr_c.a(strlen.o)
                0x0000462c                strlen
 .text._sbrk    0x00004684       0x40 c:/nxp/mcuxpressoide_11.0.1_2563/ide/plugins/com.nxp.mcuxpresso.tools.win32_11.0.1.201907311258/tools/bin/../lib/gcc/arm-none-eabi/8.2.1/../../../../arm-none-eabi/lib/thumb/v6-m/nofp\libcr_c.a(_cr_sbrk.o)
                0x00004684                _sbrk
 .text._fdopen  0x000046c4       0x74 c:/nxp/mcuxpressoide_11.0.1_2563/ide/plugins/com.nxp.mcuxpresso.tools.win32_11.0.1.201907311258/tools/bin/../lib/gcc/arm-none-eabi/8.2.1/../../../../arm-none-eabi/lib/thumb/v6-m/nofp\libcr_c.a(_fdopen.o)
                0x000046c4                _fdopen
 .text.fclose   0x00004738       0x5c c:/nxp/mcuxpressoide_11.0.1_2563/ide/plugins/com.nxp.mcuxpresso.tools.win32_11.0.1.201907311258/tools/bin/../lib/gcc/arm-none-eabi/8.2.1/../../../../arm-none-eabi/lib/thumb/v6-m/nofp\libcr_c.a(fclose.o)
                0x00004738                fclose
 .text.fflush   0x00004794       0x44 c:/nxp/mcuxpressoide_11.0.1_2563/ide/plugins/com.nxp.mcuxpresso.tools.win32_11.0.1.201907311258/tools/bin/../lib/gcc/arm-none-eabi/8.2.1/../../../../arm-none-eabi/lib/thumb/v6-m/nofp\libcr_c.a(fflush.o)
                0x00004794                fflush
 .text.frexp    0x000047d8       0x80 c:/nxp/mcuxpressoide_11.0.1_2563/ide/plugins/com.nxp.mcuxpresso.tools.win32_11.0.1.201907311258/tools/bin/../lib/gcc/arm-none-eabi/8.2.1/../../../../arm-none-eabi/lib/thumb/v6-m/nofp\libcr_c.a(frexp.o)
                0x000047d8                frexp
 .text.remove   0x00004858       0x12 c:/nxp/mcuxpressoide_11.0.1_2563/ide/plugins/com.nxp.mcuxpresso.tools.win32_11.0.1.201907311258/tools/bin/../lib/gcc/arm-none-eabi/8.2.1/../../../../arm-none-eabi/lib/thumb/v6-m/nofp\libcr_c.a(remove.o)
                0x00004858                remove
 *fill*         0x0000486a        0x2 ff
 .text.__check_heap_overflow
                0x0000486c       0x14 c:/nxp/mcuxpressoide_11.0.1_2563/ide/plugins/com.nxp.mcuxpresso.tools.win32_11.0.1.201907311258/tools/bin/../lib/gcc/arm-none-eabi/8.2.1/../../../../arm-none-eabi/lib/thumb/v6-m/nofp\libcr_c.a(_cr_check_heap.o)
                0x0000486c                __check_heap_overflow
 .text._do_fflush
                0x00004880       0x44 c:/nxp/mcuxpressoide_11.0.1_2563/ide/plugins/com.nxp.mcuxpresso.tools.win32_11.0.1.201907311258/tools/bin/../lib/gcc/arm-none-eabi/8.2.1/../../../../arm-none-eabi/lib/thumb/v6-m/nofp\libcr_c.a(_do_fflush.o)
                0x00004880                _do_fflush
 .text.__aeabi_division_idivmod
                0x000048c4       0x78 c:/nxp/mcuxpressoide_11.0.1_2563/ide/plugins/com.nxp.mcuxpresso.tools.win32_11.0.1.201907311258/tools/bin/../lib/gcc/arm-none-eabi/8.2.1/thumb/v6-m/nofp\libcr_eabihelpers.a(division_32.o)
                0x000048c4                __aeabi_idivmod
                0x000048c4                __aeabi_idiv
                0x000048ca                __aeabi_uidivmod
                0x000048ca                __aeabi_uidiv
 .text.__aeabi_division_idiv0
                0x0000493c        0x2 c:/nxp/mcuxpressoide_11.0.1_2563/ide/plugins/com.nxp.mcuxpresso.tools.win32_11.0.1.201907311258/tools/bin/../lib/gcc/arm-none-eabi/8.2.1/thumb/v6-m/nofp\libcr_eabihelpers.a(division_idiv0.o)
                0x0000493c                __aeabi_idiv0
 *fill*         0x0000493e        0x2 ff
 .text.__aeabi_dmul
                0x00004940      0x188 c:/nxp/mcuxpressoide_11.0.1_2563/ide/plugins/com.nxp.mcuxpresso.tools.win32_11.0.1.201907311258/tools/bin/../lib/gcc/arm-none-eabi/8.2.1/thumb/v6-m/nofp\libcr_eabihelpers.a(double.o)
                0x00004940                __aeabi_dmul
 .text.__aeabi_ddiv
                0x00004ac8      0x148 c:/nxp/mcuxpressoide_11.0.1_2563/ide/plugins/com.nxp.mcuxpresso.tools.win32_11.0.1.201907311258/tools/bin/../lib/gcc/arm-none-eabi/8.2.1/thumb/v6-m/nofp\libcr_eabihelpers.a(double.o)
                0x00004ac8                __aeabi_ddiv
 .text.__aeabi_dsub
                0x00004c10      0x1c4 c:/nxp/mcuxpressoide_11.0.1_2563/ide/plugins/com.nxp.mcuxpresso.tools.win32_11.0.1.201907311258/tools/bin/../lib/gcc/arm-none-eabi/8.2.1/thumb/v6-m/nofp\libcr_eabihelpers.a(double.o)
                0x00004c10                __aeabi_dsub
 .text.__aeabi_dadd
                0x00004dd4      0x12c c:/nxp/mcuxpressoide_11.0.1_2563/ide/plugins/com.nxp.mcuxpresso.tools.win32_11.0.1.201907311258/tools/bin/../lib/gcc/arm-none-eabi/8.2.1/thumb/v6-m/nofp\libcr_eabihelpers.a(double.o)
                0x00004dd4                __aeabi_dadd
 .text.__aeabi_d2f
                0x00004f00       0x60 c:/nxp/mcuxpressoide_11.0.1_2563/ide/plugins/com.nxp.mcuxpresso.tools.win32_11.0.1.201907311258/tools/bin/../lib/gcc/arm-none-eabi/8.2.1/thumb/v6-m/nofp\libcr_eabihelpers.a(double.o)
                0x00004f00                __aeabi_d2f
 .text.__aeabi_d2uiz
                0x00004f60       0x34 c:/nxp/mcuxpressoide_11.0.1_2563/ide/plugins/com.nxp.mcuxpresso.tools.win32_11.0.1.201907311258/tools/bin/../lib/gcc/arm-none-eabi/8.2.1/thumb/v6-m/nofp\libcr_eabihelpers.a(double.o)
                0x00004f60                __aeabi_d2uiz
 .text.__bhs_ui2d
                0x00004f94       0x5e c:/nxp/mcuxpressoide_11.0.1_2563/ide/plugins/com.nxp.mcuxpresso.tools.win32_11.0.1.201907311258/tools/bin/../lib/gcc/arm-none-eabi/8.2.1/thumb/v6-m/nofp\libcr_eabihelpers.a(double.o)
                0x00004f94                __bhs_ui2d
 .text.__aeabi_i2d
                0x00004ff2       0x18 c:/nxp/mcuxpressoide_11.0.1_2563/ide/plugins/com.nxp.mcuxpresso.tools.win32_11.0.1.201907311258/tools/bin/../lib/gcc/arm-none-eabi/8.2.1/thumb/v6-m/nofp\libcr_eabihelpers.a(double.o)
                0x00004ff2                __aeabi_i2d
 *fill*         0x0000500a        0x2 ff
 .text.__aeabi_dcmpeq
                0x0000500c       0x30 c:/nxp/mcuxpressoide_11.0.1_2563/ide/plugins/com.nxp.mcuxpresso.tools.win32_11.0.1.201907311258/tools/bin/../lib/gcc/arm-none-eabi/8.2.1/thumb/v6-m/nofp\libcr_eabihelpers.a(double.o)
                0x0000500c                __aeabi_dcmpeq
 .text.__aeabi_dcmpgt
                0x0000503c       0x58 c:/nxp/mcuxpressoide_11.0.1_2563/ide/plugins/com.nxp.mcuxpresso.tools.win32_11.0.1.201907311258/tools/bin/../lib/gcc/arm-none-eabi/8.2.1/thumb/v6-m/nofp\libcr_eabihelpers.a(double.o)
                0x0000503c                __aeabi_dcmpgt
 .text.__aeabi_dcmple
                0x00005094       0x58 c:/nxp/mcuxpressoide_11.0.1_2563/ide/plugins/com.nxp.mcuxpresso.tools.win32_11.0.1.201907311258/tools/bin/../lib/gcc/arm-none-eabi/8.2.1/thumb/v6-m/nofp\libcr_eabihelpers.a(double.o)
                0x00005094                __aeabi_dcmple
 .text.__aeabi_fmul
                0x000050ec       0xc4 c:/nxp/mcuxpressoide_11.0.1_2563/ide/plugins/com.nxp.mcuxpresso.tools.win32_11.0.1.201907311258/tools/bin/../lib/gcc/arm-none-eabi/8.2.1/thumb/v6-m/nofp\libcr_eabihelpers.a(float.o)
                0x000050ec                __aeabi_fmul
 .text.__aeabi_fdiv
                0x000051b0       0xdc c:/nxp/mcuxpressoide_11.0.1_2563/ide/plugins/com.nxp.mcuxpresso.tools.win32_11.0.1.201907311258/tools/bin/../lib/gcc/arm-none-eabi/8.2.1/thumb/v6-m/nofp\libcr_eabihelpers.a(float.o)
                0x000051b0                __aeabi_fdiv
 .text.__aeabi_fsub
                0x0000528c      0x128 c:/nxp/mcuxpressoide_11.0.1_2563/ide/plugins/com.nxp.mcuxpresso.tools.win32_11.0.1.201907311258/tools/bin/../lib/gcc/arm-none-eabi/8.2.1/thumb/v6-m/nofp\libcr_eabihelpers.a(float.o)
                0x0000528c                __aeabi_fsub
 .text.__aeabi_fadd
                0x000053b4       0xac c:/nxp/mcuxpressoide_11.0.1_2563/ide/plugins/com.nxp.mcuxpresso.tools.win32_11.0.1.201907311258/tools/bin/../lib/gcc/arm-none-eabi/8.2.1/thumb/v6-m/nofp\libcr_eabihelpers.a(float.o)
                0x000053b4                __aeabi_fadd
 .text.__aeabi_f2iz
                0x00005460       0x3c c:/nxp/mcuxpressoide_11.0.1_2563/ide/plugins/com.nxp.mcuxpresso.tools.win32_11.0.1.201907311258/tools/bin/../lib/gcc/arm-none-eabi/8.2.1/thumb/v6-m/nofp\libcr_eabihelpers.a(float.o)
                0x00005460                __aeabi_f2iz
 .text.__aeabi_f2uiz
                0x0000549c       0x2a c:/nxp/mcuxpressoide_11.0.1_2563/ide/plugins/com.nxp.mcuxpresso.tools.win32_11.0.1.201907311258/tools/bin/../lib/gcc/arm-none-eabi/8.2.1/thumb/v6-m/nofp\libcr_eabihelpers.a(float.o)
                0x0000549c                __aeabi_f2uiz
 .text.__bhs_ui2f
                0x000054c6       0x62 c:/nxp/mcuxpressoide_11.0.1_2563/ide/plugins/com.nxp.mcuxpresso.tools.win32_11.0.1.201907311258/tools/bin/../lib/gcc/arm-none-eabi/8.2.1/thumb/v6-m/nofp\libcr_eabihelpers.a(float.o)
                0x000054c6                __bhs_ui2f
 .text.__aeabi_i2f
                0x00005528       0x18 c:/nxp/mcuxpressoide_11.0.1_2563/ide/plugins/com.nxp.mcuxpresso.tools.win32_11.0.1.201907311258/tools/bin/../lib/gcc/arm-none-eabi/8.2.1/thumb/v6-m/nofp\libcr_eabihelpers.a(float.o)
                0x00005528                __aeabi_i2f
 .text.__aeabi_f2d
                0x00005540       0x3c c:/nxp/mcuxpressoide_11.0.1_2563/ide/plugins/com.nxp.mcuxpresso.tools.win32_11.0.1.201907311258/tools/bin/../lib/gcc/arm-none-eabi/8.2.1/thumb/v6-m/nofp\libcr_eabihelpers.a(float.o)
                0x00005540                __aeabi_f2d
 .text.__aeabi_llong_lmul
                0x0000557c       0x2e c:/nxp/mcuxpressoide_11.0.1_2563/ide/plugins/com.nxp.mcuxpresso.tools.win32_11.0.1.201907311258/tools/bin/../lib/gcc/arm-none-eabi/8.2.1/thumb/v6-m/nofp\libcr_eabihelpers.a(llong.o)
                0x0000557c                __aeabi_lmul
 .text.__aeabi_memcpy
                0x000055aa       0x2c c:/nxp/mcuxpressoide_11.0.1_2563/ide/plugins/com.nxp.mcuxpresso.tools.win32_11.0.1.201907311258/tools/bin/../lib/gcc/arm-none-eabi/8.2.1/thumb/v6-m/nofp\libcr_eabihelpers.a(memcpy.o)
                0x000055aa                __aeabi_memcpy4
                0x000055aa                __aeabi_memcpy8
                0x000055aa                __aeabi_memcpy
 .text.__aeabi_memset_lowlevel
                0x000055d6       0x2a c:/nxp/mcuxpressoide_11.0.1_2563/ide/plugins/com.nxp.mcuxpresso.tools.win32_11.0.1.201907311258/tools/bin/../lib/gcc/arm-none-eabi/8.2.1/thumb/v6-m/nofp\libcr_eabihelpers.a(memcpy.o)
                0x000055d6                __aeabi_lowlevel_memset
 .text.__sys_close
                0x00005600        0xc c:/nxp/mcuxpressoide_11.0.1_2563/ide/plugins/com.nxp.mcuxpresso.tools.win32_11.0.1.201907311258/tools/bin/../lib/gcc/arm-none-eabi/8.2.1/../../../../arm-none-eabi/lib/thumb/v6-m/nofp\libcr_semihost_nf.a(__sys_close.o)
                0x00005600                __sys_close
 .text.__sys_flen
                0x0000560c        0xc c:/nxp/mcuxpressoide_11.0.1_2563/ide/plugins/com.nxp.mcuxpresso.tools.win32_11.0.1.201907311258/tools/bin/../lib/gcc/arm-none-eabi/8.2.1/../../../../arm-none-eabi/lib/thumb/v6-m/nofp\libcr_semihost_nf.a(__sys_flen.o)
                0x0000560c                __sys_flen
 .text.__sys_istty
                0x00005618        0xc c:/nxp/mcuxpressoide_11.0.1_2563/ide/plugins/com.nxp.mcuxpresso.tools.win32_11.0.1.201907311258/tools/bin/../lib/gcc/arm-none-eabi/8.2.1/../../../../arm-none-eabi/lib/thumb/v6-m/nofp\libcr_semihost_nf.a(__sys_istty.o)
                0x00005618                __sys_istty
 .text.__sys_remove
                0x00005624        0xc c:/nxp/mcuxpressoide_11.0.1_2563/ide/plugins/com.nxp.mcuxpresso.tools.win32_11.0.1.201907311258/tools/bin/../lib/gcc/arm-none-eabi/8.2.1/../../../../arm-none-eabi/lib/thumb/v6-m/nofp\libcr_semihost_nf.a(__sys_remove.o)
                0x00005624                __sys_remove
 .text.__sys_seek
                0x00005630        0xc c:/nxp/mcuxpressoide_11.0.1_2563/ide/plugins/com.nxp.mcuxpresso.tools.win32_11.0.1.201907311258/tools/bin/../lib/gcc/arm-none-eabi/8.2.1/../../../../arm-none-eabi/lib/thumb/v6-m/nofp\libcr_semihost_nf.a(__sys_seek.o)
                0x00005630                __sys_seek
 .text.__sys_tmpnam
                0x0000563c        0xc c:/nxp/mcuxpressoide_11.0.1_2563/ide/plugins/com.nxp.mcuxpresso.tools.win32_11.0.1.201907311258/tools/bin/../lib/gcc/arm-none-eabi/8.2.1/../../../../arm-none-eabi/lib/thumb/v6-m/nofp\libcr_semihost_nf.a(__sys_tmpnam.o)
                0x0000563c                __sys_tmpnam
 .text.__sys_write
                0x00005648        0xc c:/nxp/mcuxpressoide_11.0.1_2563/ide/plugins/com.nxp.mcuxpresso.tools.win32_11.0.1.201907311258/tools/bin/../lib/gcc/arm-none-eabi/8.2.1/../../../../arm-none-eabi/lib/thumb/v6-m/nofp\libcr_semihost_nf.a(__sys_write.o)
                0x00005648                __sys_write
 *(.rodata .rodata.* .constdata .constdata.*)
 .rodata        0x00005654       0x12 ./source/adc.o
 *fill*         0x00005666        0x2 ff
 .rodata.adcInit
                0x00005668       0x18 ./source/adc.o
 .rodata.adcRead
                0x00005680       0x18 ./source/adc.o
 .rodata        0x00005698        0x4 ./source/controller.o
 .rodata.TIMER_RICE
                0x0000569c        0xc ./source/init.o
                0x0000569c                TIMER_RICE
 .rodata.TIMER_WATER
                0x000056a8        0xc ./source/init.o
                0x000056a8                TIMER_WATER
 .rodata.TIMER_BEANS
                0x000056b4        0xc ./source/init.o
                0x000056b4                TIMER_BEANS
 .rodata        0x000056c0       0x22 ./source/init.o
 *fill*         0x000056e2        0x2 ff
 .rodata        0x000056e4       0x30 ./source/interrupts.o
 .rodata        0x00005714       0x32 ./source/updatestate.o
 *fill*         0x00005746        0x2 ff
 .rodata        0x00005748      0x11d ./drivers/fsl_clock.o
 *fill*         0x00005865        0x3 ff
 .rodata.fllFactorTable.5230
                0x00005868       0x10 ./drivers/fsl_clock.o
 .rodata        0x00005878      0x4ae ./drivers/fsl_dma.o
 *fill*         0x00005d26        0x2 ff
 .rodata        0x00005d28      0x48c ./drivers/fsl_lpsci.o
 .rodata        0x000061b4      0x213 ./drivers/fsl_spi.o
 *fill*         0x000063c7        0x1 ff
 .rodata.s_uartBases
                0x000063c8        0xc ./drivers/fsl_uart.o
 .rodata.s_uartClock
                0x000063d4        0xc ./drivers/fsl_uart.o
 .rodata        0x000063e0      0x45b ./drivers/fsl_uart.o
 *fill*         0x0000683b        0x1 ff
 .rodata.mcgConfig_BOARD_BootClockRUN
                0x0000683c        0xa ./board/clock_config.o
                0x0000683c                mcgConfig_BOARD_BootClockRUN
 *fill*         0x00006846        0x2 ff
 .rodata.simConfig_BOARD_BootClockRUN
                0x00006848        0x8 ./board/clock_config.o
                0x00006848                simConfig_BOARD_BootClockRUN
 .rodata.oscConfig_BOARD_BootClockRUN
                0x00006850        0x8 ./board/clock_config.o
                0x00006850                oscConfig_BOARD_BootClockRUN
 .rodata.__assertion_failed.str1.1
                0x00006858       0x15 c:/nxp/mcuxpressoide_11.0.1_2563/ide/plugins/com.nxp.mcuxpresso.tools.win32_11.0.1.201907311258/tools/bin/../lib/gcc/arm-none-eabi/8.2.1/../../../../arm-none-eabi/lib/thumb/v6-m/nofp\libcr_semihost_nf.a(_cr_assert.o)
 *fill*         0x0000686d        0x3 ff
 .rodata.__num_Ciob_streams
                0x00006870        0x4 c:/nxp/mcuxpressoide_11.0.1_2563/ide/plugins/com.nxp.mcuxpresso.tools.win32_11.0.1.201907311258/tools/bin/../lib/gcc/arm-none-eabi/8.2.1/../../../../arm-none-eabi/lib/thumb/v6-m/nofp\libcr_semihost_nf.a(__ciob.o)
                0x00006870                __num_Ciob_streams
 .rodata._Csys_alloc.str1.1
                0x00006874       0x18 c:/nxp/mcuxpressoide_11.0.1_2563/ide/plugins/com.nxp.mcuxpresso.tools.win32_11.0.1.201907311258/tools/bin/../lib/gcc/arm-none-eabi/8.2.1/../../../../arm-none-eabi/lib/thumb/v6-m/nofp\libcr_c.a(alloc.o)
 .rodata._initio.str1.1
                0x0000688c        0x4 c:/nxp/mcuxpressoide_11.0.1_2563/ide/plugins/com.nxp.mcuxpresso.tools.win32_11.0.1.201907311258/tools/bin/../lib/gcc/arm-none-eabi/8.2.1/../../../../arm-none-eabi/lib/thumb/v6-m/nofp\libcr_c.a(initio.o)
 .rodata.__vfprintf.str1.1
                0x00006890       0x35 c:/nxp/mcuxpressoide_11.0.1_2563/ide/plugins/com.nxp.mcuxpresso.tools.win32_11.0.1.201907311258/tools/bin/../lib/gcc/arm-none-eabi/8.2.1/../../../../arm-none-eabi/lib/thumb/v6-m/nofp\libcr_c.a(printf.o)
                                 0x38 (size before relaxing)
                0x000068c8                . = ALIGN (0x4)
 *fill*         0x000068c5        0x3 ff

.glue_7         0x000068c8        0x0
 .glue_7        0x000068c8        0x0 linker stubs

.glue_7t        0x000068c8        0x0
 .glue_7t       0x000068c8        0x0 linker stubs

.vfp11_veneer   0x000068c8        0x0
 .vfp11_veneer  0x000068c8        0x0 linker stubs

.v4_bx          0x000068c8        0x0
 .v4_bx         0x000068c8        0x0 linker stubs

.iplt           0x000068c8        0x0
 .iplt          0x000068c8        0x0 ./utilities/fsl_debug_console.o

.rel.dyn        0x000068c8        0x0
 .rel.iplt      0x000068c8        0x0 ./utilities/fsl_debug_console.o

.ARM.extab
 *(.ARM.extab* .gnu.linkonce.armextab.*)
                0x000068c8                __exidx_start = .

.ARM.exidx
 *(.ARM.exidx* .gnu.linkonce.armexidx.*)
                0x000068c8                __exidx_end = .
                0x000068c8                _etext = .

.m_usb_data
 *(m_usb_bdt)

.mtb_buffer_default
                0x1ffff000       0x80
 *(.mtb*)
 .mtb.$RAM1     0x1ffff000       0x80 ./source/mtb.o
                0x1ffff000                __mtb_buffer__

.uninit_RESERVED
                0x1ffff080        0x0
                0x1ffff080                . = ALIGN (0x4)
 *(.bss.$RESERVED*)
                0x1ffff080                . = ALIGN (0x4)
                0x1ffff080                _end_uninit_RESERVED = .

.data           0x1ffff080       0x14 load address 0x000068c8
 FILL mask 0xff
                0x1ffff080                _data = .
 *(vtable)
 *(.ramfunc*)
 *(CodeQuickAccess)
 *(DataQuickAccess)
 *(RamFunction)
 *(.data*)
 .data.period1  0x1ffff080        0x2 ./source/controller.o
                0x1ffff080                period1
 *fill*         0x1ffff082        0x2 ff
 .data.pins1    0x1ffff084        0x8 ./source/controller.o
                0x1ffff084                pins1
 .data.s_slowIrcFreq
                0x1ffff08c        0x4 ./drivers/fsl_clock.o
 .data.SystemCoreClock
                0x1ffff090        0x4 ./CMSIS/system_MKL25Z4.o
                0x1ffff090                SystemCoreClock
                0x1ffff094                . = ALIGN (0x4)
                0x1ffff094                _edata = .

.igot.plt       0x1ffff094        0x0 load address 0x000068dc
 .igot.plt      0x1ffff094        0x0 ./utilities/fsl_debug_console.o

.bss            0x1ffff098      0x238 load address 0x000068dc
                0x1ffff098                . = ALIGN (0x4)
                0x1ffff098                _bss = .
 *(.bss*)
 .bss.s_debugConsole
                0x1ffff098       0x10 ./utilities/fsl_debug_console.o
 .bss.dc        0x1ffff0a8        0x2 ./source/controller.o
                0x1ffff0a8                dc
 .bss.value     0x1ffff0aa        0x2 ./source/controller.o
                0x1ffff0aa                value
 .bss.prop      0x1ffff0ac        0x4 ./source/controller.o
                0x1ffff0ac                prop
 .bss.integral  0x1ffff0b0        0x4 ./source/controller.o
                0x1ffff0b0                integral
 .bss.State_heater
                0x1ffff0b4        0x1 ./source/init.o
                0x1ffff0b4                State_heater
 .bss.State_heater_next
                0x1ffff0b5        0x1 ./source/init.o
                0x1ffff0b5                State_heater_next
 .bss.State_ecoca
                0x1ffff0b6        0x1 ./source/init.o
                0x1ffff0b6                State_ecoca
 .bss.State_ecoca_next
                0x1ffff0b7        0x1 ./source/init.o
                0x1ffff0b7                State_ecoca_next
 .bss.ok        0x1ffff0b8        0x8 ./source/init.o
                0x1ffff0b8                ok
 .bss.stop      0x1ffff0c0        0x8 ./source/init.o
                0x1ffff0c0                stop
 .bss.browse    0x1ffff0c8        0x8 ./source/init.o
                0x1ffff0c8                browse
 .bss.deb       0x1ffff0d0        0x4 ./source/init.o
                0x1ffff0d0                deb
 .bss.count     0x1ffff0d4        0x4 ./source/init.o
                0x1ffff0d4                count
 .bss.minute    0x1ffff0d8        0x2 ./source/init.o
                0x1ffff0d8                minute
 *fill*         0x1ffff0da        0x2 
 .bss.TIM       0x1ffff0dc        0x4 ./source/init.o
                0x1ffff0dc                TIM
 .bss.FOOD_LIST
                0x1ffff0e0       0x90 ./source/init.o
                0x1ffff0e0                FOOD_LIST
 .bss._FOOD     0x1ffff170       0x30 ./source/init.o
                0x1ffff170                _FOOD
 .bss.curr      0x1ffff1a0        0x4 ./source/init.o
                0x1ffff1a0                curr
 .bss.pins0     0x1ffff1a4       0x18 ./source/init.o
                0x1ffff1a4                pins0
 .bss.cnt       0x1ffff1bc        0x4 ./source/interrupts.o
                0x1ffff1bc                cnt
 .bss.SP        0x1ffff1c0        0x2 ./source/updatestate.o
                0x1ffff1c0                SP
 *fill*         0x1ffff1c2        0x2 
 .bss.g_xtal0Freq
                0x1ffff1c4        0x4 ./drivers/fsl_clock.o
                0x1ffff1c4                g_xtal0Freq
 .bss.s_DMAHandle
                0x1ffff1c8       0x10 ./drivers/fsl_dma.o
 .bss.s_i2cHandle
                0x1ffff1d8        0x8 ./drivers/fsl_i2c.o
 .bss.s_i2cMasterIsr
                0x1ffff1e0        0x4 ./drivers/fsl_i2c.o
 .bss.s_i2cSlaveIsr
                0x1ffff1e4        0x4 ./drivers/fsl_i2c.o
 .bss.s_lpsciHandle
                0x1ffff1e8        0x4 ./drivers/fsl_lpsci.o
 .bss.s_lpsciIsr
                0x1ffff1ec        0x4 ./drivers/fsl_lpsci.o
 .bss.s_spiHandle
                0x1ffff1f0        0x8 ./drivers/fsl_spi.o
 .bss.s_spiMasterIsr
                0x1ffff1f8        0x4 ./drivers/fsl_spi.o
 .bss.s_spiSlaveIsr
                0x1ffff1fc        0x4 ./drivers/fsl_spi.o
 .bss.s_uartHandle
                0x1ffff200        0xc ./drivers/fsl_uart.o
 .bss.s_uartIsr
                0x1ffff20c        0x4 ./drivers/fsl_uart.o
 .bss.__Ciob    0x1ffff210       0xb4 c:/nxp/mcuxpressoide_11.0.1_2563/ide/plugins/com.nxp.mcuxpresso.tools.win32_11.0.1.201907311258/tools/bin/../lib/gcc/arm-none-eabi/8.2.1/../../../../arm-none-eabi/lib/thumb/v6-m/nofp\libcr_semihost_nf.a(__ciob.o)
                0x1ffff210                __Ciob
 .bss.__end_of_heap
                0x1ffff2c4        0x4 c:/nxp/mcuxpressoide_11.0.1_2563/ide/plugins/com.nxp.mcuxpresso.tools.win32_11.0.1.201907311258/tools/bin/../lib/gcc/arm-none-eabi/8.2.1/../../../../arm-none-eabi/lib/thumb/v6-m/nofp\libcr_c.a(__init_alloc.o)
                0x1ffff2c4                __end_of_heap
 .bss.__heaps   0x1ffff2c8        0x4 c:/nxp/mcuxpressoide_11.0.1_2563/ide/plugins/com.nxp.mcuxpresso.tools.win32_11.0.1.201907311258/tools/bin/../lib/gcc/arm-none-eabi/8.2.1/../../../../arm-none-eabi/lib/thumb/v6-m/nofp\libcr_c.a(__init_alloc.o)
                0x1ffff2c8                __heaps
 .bss.errno     0x1ffff2cc        0x4 c:/nxp/mcuxpressoide_11.0.1_2563/ide/plugins/com.nxp.mcuxpresso.tools.win32_11.0.1.201907311258/tools/bin/../lib/gcc/arm-none-eabi/8.2.1/../../../../arm-none-eabi/lib/thumb/v6-m/nofp\libcr_c.a(errno.o)
                0x1ffff2cc                errno
 *(COMMON)
                0x1ffff2d0                . = ALIGN (0x4)
                0x1ffff2d0                _ebss = .
                [!provide]                PROVIDE (end = .)

.noinit         0x1ffff2d0        0x0 load address 0x000068dc
                0x1ffff2d0                . = ALIGN (0x4)
                0x1ffff2d0                _noinit = .
 *(.noinit*)
                0x1ffff2d0                . = ALIGN (0x4)
                0x1ffff2d0                _end_noinit = .
                0x00000400                _HeapSize = 0x400

.heap           0x1ffff2d0      0x400 load address 0x000068dc
                0x1ffff2d0                _pvHeapStart = .
                0x1ffff6d0                . = (. + _HeapSize)
 *fill*         0x1ffff2d0      0x400 
                0x1ffff6d0                . = ALIGN (0x4)
                0x1ffff6d0                _pvHeapLimit = .
                0x00000400                _StackSize = 0x400

.heap2stackfill
                0x1ffff6d0      0x400 load address 0x000068dc
                0x1ffffad0                . = (. + _StackSize)
 *fill*         0x1ffff6d0      0x400 

.stack          0x20002c00        0x0
                0x20002c00                _vStackBase = .
                0x20002c00                . = ALIGN (0x4)
                0x20003000                _vStackTop = (. + _StackSize)
                0x00000000                _image_start = LOADADDR (.text)
                0x000068dc                _image_end = (LOADADDR (.data) + SIZEOF (.data))
                0x000068dc                _image_size = (_image_end - _image_start)
OUTPUT(Timer1.axf elf32-littlearm)

.debug_info     0x00000000    0x10649
 .debug_info    0x00000000      0x9b5 ./utilities/fsl_debug_console.o
 .debug_info    0x000009b5      0x4df ./startup/startup_mkl25z4.o
 .debug_info    0x00000e94      0x56c ./source/LCD_4bit.o
 .debug_info    0x00001400      0x824 ./source/Project5.o
 .debug_info    0x00001c24      0x670 ./source/adc.o
 .debug_info    0x00002294      0xa61 ./source/controller.o
 .debug_info    0x00002cf5      0x83c ./source/debug.o
 .debug_info    0x00003531     0x11fb ./source/init.o
 .debug_info    0x0000472c      0xcfb ./source/interrupts.o
 .debug_info    0x00005427       0x53 ./source/mtb.o
 .debug_info    0x0000547a      0x996 ./source/pwm.o
 .debug_info    0x00005e10       0x3c ./source/semihost_hardfault.o
 .debug_info    0x00005e4c      0x9d7 ./source/updatestate.o
 .debug_info    0x00006823     0x1a97 ./drivers/fsl_clock.o
 .debug_info    0x000082ba      0xf4e ./drivers/fsl_dma.o
 .debug_info    0x00009208     0x1a9a ./drivers/fsl_i2c.o
 .debug_info    0x0000aca2     0x1469 ./drivers/fsl_lpsci.o
 .debug_info    0x0000c10b     0x1411 ./drivers/fsl_spi.o
 .debug_info    0x0000d51c     0x140a ./drivers/fsl_uart.o
 .debug_info    0x0000e926      0x80b ./board/board.o
 .debug_info    0x0000f131      0xb00 ./board/clock_config.o
 .debug_info    0x0000fc31       0x3c ./board/peripherals.o
 .debug_info    0x0000fc6d      0x5a3 ./board/pin_mux.o
 .debug_info    0x00010210      0x439 ./CMSIS/system_MKL25Z4.o

.debug_abbrev   0x00000000     0x2fda
 .debug_abbrev  0x00000000      0x21b ./utilities/fsl_debug_console.o
 .debug_abbrev  0x0000021b      0x18d ./startup/startup_mkl25z4.o
 .debug_abbrev  0x000003a8      0x1e4 ./source/LCD_4bit.o
 .debug_abbrev  0x0000058c      0x1b3 ./source/Project5.o
 .debug_abbrev  0x0000073f      0x17c ./source/adc.o
 .debug_abbrev  0x000008bb      0x21c ./source/controller.o
 .debug_abbrev  0x00000ad7      0x16b ./source/debug.o
 .debug_abbrev  0x00000c42      0x2b9 ./source/init.o
 .debug_abbrev  0x00000efb      0x295 ./source/interrupts.o
 .debug_abbrev  0x00001190       0x46 ./source/mtb.o
 .debug_abbrev  0x000011d6      0x1de ./source/pwm.o
 .debug_abbrev  0x000013b4       0x31 ./source/semihost_hardfault.o
 .debug_abbrev  0x000013e5      0x1d4 ./source/updatestate.o
 .debug_abbrev  0x000015b9      0x36f ./drivers/fsl_clock.o
 .debug_abbrev  0x00001928      0x2ec ./drivers/fsl_dma.o
 .debug_abbrev  0x00001c14      0x36e ./drivers/fsl_i2c.o
 .debug_abbrev  0x00001f82      0x309 ./drivers/fsl_lpsci.o
 .debug_abbrev  0x0000228b      0x323 ./drivers/fsl_spi.o
 .debug_abbrev  0x000025ae      0x323 ./drivers/fsl_uart.o
 .debug_abbrev  0x000028d1      0x1a7 ./board/board.o
 .debug_abbrev  0x00002a78      0x220 ./board/clock_config.o
 .debug_abbrev  0x00002c98       0x31 ./board/peripherals.o
 .debug_abbrev  0x00002cc9      0x1bb ./board/pin_mux.o
 .debug_abbrev  0x00002e84      0x156 ./CMSIS/system_MKL25Z4.o

.debug_aranges  0x00000000      0xc78
 .debug_aranges
                0x00000000       0x48 ./utilities/fsl_debug_console.o
 .debug_aranges
                0x00000048      0x160 ./startup/startup_mkl25z4.o
 .debug_aranges
                0x000001a8       0x78 ./source/LCD_4bit.o
 .debug_aranges
                0x00000220       0x20 ./source/Project5.o
 .debug_aranges
                0x00000240       0x28 ./source/adc.o
 .debug_aranges
                0x00000268       0x30 ./source/controller.o
 .debug_aranges
                0x00000298       0x38 ./source/debug.o
 .debug_aranges
                0x000002d0       0x50 ./source/init.o
 .debug_aranges
                0x00000320       0x40 ./source/interrupts.o
 .debug_aranges
                0x00000360       0x18 ./source/mtb.o
 .debug_aranges
                0x00000378       0x28 ./source/pwm.o
 .debug_aranges
                0x000003a0       0x20 ./source/semihost_hardfault.o
 .debug_aranges
                0x000003c0       0x20 ./source/updatestate.o
 .debug_aranges
                0x000003e0      0x1d8 ./drivers/fsl_clock.o
 .debug_aranges
                0x000005b8       0xd0 ./drivers/fsl_dma.o
 .debug_aranges
                0x00000688      0x178 ./drivers/fsl_i2c.o
 .debug_aranges
                0x00000800      0x118 ./drivers/fsl_lpsci.o
 .debug_aranges
                0x00000918      0x130 ./drivers/fsl_spi.o
 .debug_aranges
                0x00000a48      0x130 ./drivers/fsl_uart.o
 .debug_aranges
                0x00000b78       0x28 ./board/board.o
 .debug_aranges
                0x00000ba0       0x58 ./board/clock_config.o
 .debug_aranges
                0x00000bf8       0x20 ./board/peripherals.o
 .debug_aranges
                0x00000c18       0x38 ./board/pin_mux.o
 .debug_aranges
                0x00000c50       0x28 ./CMSIS/system_MKL25Z4.o

.debug_ranges   0x00000000      0xb20
 .debug_ranges  0x00000000       0x38 ./utilities/fsl_debug_console.o
 .debug_ranges  0x00000038      0x150 ./startup/startup_mkl25z4.o
 .debug_ranges  0x00000188       0x68 ./source/LCD_4bit.o
 .debug_ranges  0x000001f0       0x10 ./source/Project5.o
 .debug_ranges  0x00000200       0x18 ./source/adc.o
 .debug_ranges  0x00000218       0x20 ./source/controller.o
 .debug_ranges  0x00000238       0x28 ./source/debug.o
 .debug_ranges  0x00000260       0x40 ./source/init.o
 .debug_ranges  0x000002a0       0x30 ./source/interrupts.o
 .debug_ranges  0x000002d0       0x48 ./source/pwm.o
 .debug_ranges  0x00000318       0x10 ./source/semihost_hardfault.o
 .debug_ranges  0x00000328       0x10 ./source/updatestate.o
 .debug_ranges  0x00000338      0x1c8 ./drivers/fsl_clock.o
 .debug_ranges  0x00000500       0xc0 ./drivers/fsl_dma.o
 .debug_ranges  0x000005c0      0x168 ./drivers/fsl_i2c.o
 .debug_ranges  0x00000728      0x108 ./drivers/fsl_lpsci.o
 .debug_ranges  0x00000830      0x120 ./drivers/fsl_spi.o
 .debug_ranges  0x00000950      0x120 ./drivers/fsl_uart.o
 .debug_ranges  0x00000a70       0x18 ./board/board.o
 .debug_ranges  0x00000a88       0x48 ./board/clock_config.o
 .debug_ranges  0x00000ad0       0x10 ./board/peripherals.o
 .debug_ranges  0x00000ae0       0x28 ./board/pin_mux.o
 .debug_ranges  0x00000b08       0x18 ./CMSIS/system_MKL25Z4.o

.debug_macro    0x00000000     0xed36
 .debug_macro   0x00000000      0x13a ./utilities/fsl_debug_console.o
 .debug_macro   0x0000013a      0xaa8 ./utilities/fsl_debug_console.o
 .debug_macro   0x00000be2       0x10 ./utilities/fsl_debug_console.o
 .debug_macro   0x00000bf2       0x16 ./utilities/fsl_debug_console.o
 .debug_macro   0x00000c08       0x10 ./utilities/fsl_debug_console.o
 .debug_macro   0x00000c18      0x12e ./utilities/fsl_debug_console.o
 .debug_macro   0x00000d46       0x28 ./utilities/fsl_debug_console.o
 .debug_macro   0x00000d6e       0xc4 ./utilities/fsl_debug_console.o
 .debug_macro   0x00000e32       0x16 ./utilities/fsl_debug_console.o
 .debug_macro   0x00000e48       0x22 ./utilities/fsl_debug_console.o
 .debug_macro   0x00000e6a      0x5b3 ./utilities/fsl_debug_console.o
 .debug_macro   0x0000141d       0x10 ./utilities/fsl_debug_console.o
 .debug_macro   0x0000142d       0x3f ./utilities/fsl_debug_console.o
 .debug_macro   0x0000146c       0x3a ./utilities/fsl_debug_console.o
 .debug_macro   0x000014a6       0x26 ./utilities/fsl_debug_console.o
 .debug_macro   0x000014cc      0x329 ./utilities/fsl_debug_console.o
 .debug_macro   0x000017f5       0x30 ./utilities/fsl_debug_console.o
 .debug_macro   0x00001825     0x51e2 ./utilities/fsl_debug_console.o
 .debug_macro   0x00006a07     0x1352 ./utilities/fsl_debug_console.o
 .debug_macro   0x00007d59       0x3a ./utilities/fsl_debug_console.o
 .debug_macro   0x00007d93       0xf4 ./utilities/fsl_debug_console.o
 .debug_macro   0x00007e87       0x35 ./utilities/fsl_debug_console.o
 .debug_macro   0x00007ebc       0xd2 ./utilities/fsl_debug_console.o
 .debug_macro   0x00007f8e       0x2e ./utilities/fsl_debug_console.o
 .debug_macro   0x00007fbc       0x10 ./utilities/fsl_debug_console.o
 .debug_macro   0x00007fcc       0x10 ./utilities/fsl_debug_console.o
 .debug_macro   0x00007fdc       0x29 ./startup/startup_mkl25z4.o
 .debug_macro   0x00008005       0x9d ./source/LCD_4bit.o
 .debug_macro   0x000080a2       0x3f ./source/LCD_4bit.o
 .debug_macro   0x000080e1       0x34 ./source/LCD_4bit.o
 .debug_macro   0x00008115     0x51e2 ./source/LCD_4bit.o
 .debug_macro   0x0000d2f7       0xac ./source/LCD_4bit.o
 .debug_macro   0x0000d3a3      0x18a ./source/Project5.o
 .debug_macro   0x0000d52d       0xd8 ./source/Project5.o
 .debug_macro   0x0000d605       0x16 ./source/Project5.o
 .debug_macro   0x0000d61b       0x10 ./source/Project5.o
 .debug_macro   0x0000d62b      0x112 ./source/Project5.o
 .debug_macro   0x0000d73d       0x34 ./source/Project5.o
 .debug_macro   0x0000d771       0x82 ./source/Project5.o
 .debug_macro   0x0000d7f3       0x1c ./source/Project5.o
 .debug_macro   0x0000d80f       0xa5 ./source/adc.o
 .debug_macro   0x0000d8b4      0x1b1 ./source/controller.o
 .debug_macro   0x0000da65      0x150 ./source/debug.o
 .debug_macro   0x0000dbb5       0x10 ./source/debug.o
 .debug_macro   0x0000dbc5      0x193 ./source/init.o
 .debug_macro   0x0000dd58       0x16 ./source/init.o
 .debug_macro   0x0000dd6e      0x19f ./source/interrupts.o
 .debug_macro   0x0000df0d       0x2f ./source/mtb.o
 .debug_macro   0x0000df3c       0x82 ./source/mtb.o
 .debug_macro   0x0000dfbe       0x10 ./source/mtb.o
 .debug_macro   0x0000dfce      0x15d ./source/pwm.o
 .debug_macro   0x0000e12b       0x11 ./source/semihost_hardfault.o
 .debug_macro   0x0000e13c      0x190 ./source/updatestate.o
 .debug_macro   0x0000e2cc      0x196 ./drivers/fsl_clock.o
 .debug_macro   0x0000e462       0xec ./drivers/fsl_dma.o
 .debug_macro   0x0000e54e       0xeb ./drivers/fsl_i2c.o
 .debug_macro   0x0000e639       0x10 ./drivers/fsl_i2c.o
 .debug_macro   0x0000e649       0xec ./drivers/fsl_lpsci.o
 .debug_macro   0x0000e735       0xeb ./drivers/fsl_spi.o
 .debug_macro   0x0000e820       0x10 ./drivers/fsl_spi.o
 .debug_macro   0x0000e830       0xf2 ./drivers/fsl_uart.o
 .debug_macro   0x0000e922      0x12b ./board/board.o
 .debug_macro   0x0000ea4d      0x123 ./board/clock_config.o
 .debug_macro   0x0000eb70       0x1b ./board/peripherals.o
 .debug_macro   0x0000eb8b      0x107 ./board/pin_mux.o
 .debug_macro   0x0000ec92       0x10 ./board/pin_mux.o
 .debug_macro   0x0000eca2       0x94 ./CMSIS/system_MKL25Z4.o

.debug_line     0x00000000     0x894f
 .debug_line    0x00000000      0x40a ./utilities/fsl_debug_console.o
 .debug_line    0x0000040a      0x1e7 ./startup/startup_mkl25z4.o
 .debug_line    0x000005f1      0x39f ./source/LCD_4bit.o
 .debug_line    0x00000990      0x34f ./source/Project5.o
 .debug_line    0x00000cdf      0x299 ./source/adc.o
 .debug_line    0x00000f78      0x3d3 ./source/controller.o
 .debug_line    0x0000134b      0x340 ./source/debug.o
 .debug_line    0x0000168b      0x4fb ./source/init.o
 .debug_line    0x00001b86      0x54f ./source/interrupts.o
 .debug_line    0x000020d5       0xd1 ./source/mtb.o
 .debug_line    0x000021a6      0x4dd ./source/pwm.o
 .debug_line    0x00002683       0x5a ./source/semihost_hardfault.o
 .debug_line    0x000026dd      0x44b ./source/updatestate.o
 .debug_line    0x00002b28     0x12b1 ./drivers/fsl_clock.o
 .debug_line    0x00003dd9      0x703 ./drivers/fsl_dma.o
 .debug_line    0x000044dc     0x1276 ./drivers/fsl_i2c.o
 .debug_line    0x00005752      0xd32 ./drivers/fsl_lpsci.o
 .debug_line    0x00006484      0xab4 ./drivers/fsl_spi.o
 .debug_line    0x00006f38      0xd21 ./drivers/fsl_uart.o
 .debug_line    0x00007c59      0x2ee ./board/board.o
 .debug_line    0x00007f47      0x373 ./board/clock_config.o
 .debug_line    0x000082ba       0x5c ./board/peripherals.o
 .debug_line    0x00008316      0x2fa ./board/pin_mux.o
 .debug_line    0x00008610      0x33f ./CMSIS/system_MKL25Z4.o

.debug_str      0x00000000    0x381ac
 .debug_str     0x00000000    0x315a0 ./utilities/fsl_debug_console.o
                              0x317f9 (size before relaxing)
 .debug_str     0x000315a0      0x3e1 ./startup/startup_mkl25z4.o
                               0x31bd (size before relaxing)
 .debug_str     0x00031981      0x6f3 ./source/LCD_4bit.o
                              0x2942e (size before relaxing)
 .debug_str     0x00032074      0xfbc ./source/Project5.o
                              0x31df5 (size before relaxing)
 .debug_str     0x00033030       0x77 ./source/adc.o
                              0x2920b (size before relaxing)
 .debug_str     0x000330a7       0xa0 ./source/controller.o
                              0x327fc (size before relaxing)
 .debug_str     0x00033147       0x57 ./source/debug.o
                              0x317af (size before relaxing)
 .debug_str     0x0003319e      0x2b6 ./source/init.o
                              0x32672 (size before relaxing)
 .debug_str     0x00033454       0x39 ./source/interrupts.o
                              0x32511 (size before relaxing)
 .debug_str     0x0003348d      0x532 ./source/mtb.o
                               0x32c9 (size before relaxing)
 .debug_str     0x000339bf       0x7c ./source/pwm.o
                              0x317a7 (size before relaxing)
 .debug_str     0x00033a3b       0x1f ./source/semihost_hardfault.o
                               0x2db6 (size before relaxing)
 .debug_str     0x00033a5a       0x2a ./source/updatestate.o
                              0x32279 (size before relaxing)
 .debug_str     0x00033a84     0x14db ./drivers/fsl_clock.o
                              0x322c4 (size before relaxing)
 .debug_str     0x00034f5f      0x77f ./drivers/fsl_dma.o
                              0x31592 (size before relaxing)
 .debug_str     0x000356de      0xc16 ./drivers/fsl_i2c.o
                              0x31a9e (size before relaxing)
 .debug_str     0x000362f4      0x921 ./drivers/fsl_lpsci.o
                              0x318cc (size before relaxing)
 .debug_str     0x00036c15      0x7b8 ./drivers/fsl_spi.o
                              0x3168e (size before relaxing)
 .debug_str     0x000373cd      0x832 ./drivers/fsl_uart.o
                              0x318ef (size before relaxing)
 .debug_str     0x00037bff       0x4c ./board/board.o
                              0x3173c (size before relaxing)
 .debug_str     0x00037c4b      0x300 ./board/clock_config.o
                              0x311f2 (size before relaxing)
 .debug_str     0x00037f4b       0x31 ./board/peripherals.o
                               0x2dc7 (size before relaxing)
 .debug_str     0x00037f7c      0x1e1 ./board/pin_mux.o
                              0x30955 (size before relaxing)
 .debug_str     0x0003815d       0x4f ./CMSIS/system_MKL25Z4.o
                              0x2fc2e (size before relaxing)

.comment        0x00000000       0x75
 .comment       0x00000000       0x75 ./utilities/fsl_debug_console.o
                                 0x76 (size before relaxing)
 .comment       0x00000075       0x76 ./startup/startup_mkl25z4.o
 .comment       0x00000075       0x76 ./source/LCD_4bit.o
 .comment       0x00000075       0x76 ./source/Project5.o
 .comment       0x00000075       0x76 ./source/adc.o
 .comment       0x00000075       0x76 ./source/controller.o
 .comment       0x00000075       0x76 ./source/debug.o
 .comment       0x00000075       0x76 ./source/init.o
 .comment       0x00000075       0x76 ./source/interrupts.o
 .comment       0x00000075       0x76 ./source/mtb.o
 .comment       0x00000075       0x76 ./source/pwm.o
 .comment       0x00000075       0x76 ./source/semihost_hardfault.o
 .comment       0x00000075       0x76 ./source/updatestate.o
 .comment       0x00000075       0x76 ./drivers/fsl_clock.o
 .comment       0x00000075       0x76 ./drivers/fsl_dma.o
 .comment       0x00000075       0x76 ./drivers/fsl_i2c.o
 .comment       0x00000075       0x76 ./drivers/fsl_lpsci.o
 .comment       0x00000075       0x76 ./drivers/fsl_spi.o
 .comment       0x00000075       0x76 ./drivers/fsl_uart.o
 .comment       0x00000075       0x76 ./board/board.o
 .comment       0x00000075       0x76 ./board/clock_config.o
 .comment       0x00000075       0x76 ./board/peripherals.o
 .comment       0x00000075       0x76 ./board/pin_mux.o
 .comment       0x00000075       0x76 ./CMSIS/system_MKL25Z4.o
 .comment       0x00000075       0x76 c:/nxp/mcuxpressoide_11.0.1_2563/ide/plugins/com.nxp.mcuxpresso.tools.win32_11.0.1.201907311258/tools/bin/../lib/gcc/arm-none-eabi/8.2.1/../../../../arm-none-eabi/lib/thumb/v6-m/nofp\libcr_semihost_nf.a(_cr__main.o)
 .comment       0x00000075       0x76 c:/nxp/mcuxpressoide_11.0.1_2563/ide/plugins/com.nxp.mcuxpresso.tools.win32_11.0.1.201907311258/tools/bin/../lib/gcc/arm-none-eabi/8.2.1/../../../../arm-none-eabi/lib/thumb/v6-m/nofp\libcr_semihost_nf.a(_cr_assert.o)
 .comment       0x00000075       0x76 c:/nxp/mcuxpressoide_11.0.1_2563/ide/plugins/com.nxp.mcuxpresso.tools.win32_11.0.1.201907311258/tools/bin/../lib/gcc/arm-none-eabi/8.2.1/../../../../arm-none-eabi/lib/thumb/v6-m/nofp\libcr_semihost_nf.a(__ciob.o)
 .comment       0x00000075       0x76 c:/nxp/mcuxpressoide_11.0.1_2563/ide/plugins/com.nxp.mcuxpresso.tools.win32_11.0.1.201907311258/tools/bin/../lib/gcc/arm-none-eabi/8.2.1/../../../../arm-none-eabi/lib/thumb/v6-m/nofp\libcr_c.a(memcpy.o)
 .comment       0x00000075       0x76 c:/nxp/mcuxpressoide_11.0.1_2563/ide/plugins/com.nxp.mcuxpresso.tools.win32_11.0.1.201907311258/tools/bin/../lib/gcc/arm-none-eabi/8.2.1/../../../../arm-none-eabi/lib/thumb/v6-m/nofp\libcr_c.a(memset.o)
 .comment       0x00000075       0x76 c:/nxp/mcuxpressoide_11.0.1_2563/ide/plugins/com.nxp.mcuxpresso.tools.win32_11.0.1.201907311258/tools/bin/../lib/gcc/arm-none-eabi/8.2.1/../../../../arm-none-eabi/lib/thumb/v6-m/nofp\libcr_c.a(_deferredlazyseek.o)
 .comment       0x00000075       0x76 c:/nxp/mcuxpressoide_11.0.1_2563/ide/plugins/com.nxp.mcuxpresso.tools.win32_11.0.1.201907311258/tools/bin/../lib/gcc/arm-none-eabi/8.2.1/../../../../arm-none-eabi/lib/thumb/v6-m/nofp\libcr_c.a(_fflush.o)
 .comment       0x00000075       0x76 c:/nxp/mcuxpressoide_11.0.1_2563/ide/plugins/com.nxp.mcuxpresso.tools.win32_11.0.1.201907311258/tools/bin/../lib/gcc/arm-none-eabi/8.2.1/../../../../arm-none-eabi/lib/thumb/v6-m/nofp\libcr_c.a(_writebuf.o)
 .comment       0x00000075       0x76 c:/nxp/mcuxpressoide_11.0.1_2563/ide/plugins/com.nxp.mcuxpresso.tools.win32_11.0.1.201907311258/tools/bin/../lib/gcc/arm-none-eabi/8.2.1/../../../../arm-none-eabi/lib/thumb/v6-m/nofp\libcr_c.a(alloc.o)
 .comment       0x00000075       0x76 c:/nxp/mcuxpressoide_11.0.1_2563/ide/plugins/com.nxp.mcuxpresso.tools.win32_11.0.1.201907311258/tools/bin/../lib/gcc/arm-none-eabi/8.2.1/../../../../arm-none-eabi/lib/thumb/v6-m/nofp\libcr_c.a(fputs.o)
 .comment       0x00000075       0x76 c:/nxp/mcuxpressoide_11.0.1_2563/ide/plugins/com.nxp.mcuxpresso.tools.win32_11.0.1.201907311258/tools/bin/../lib/gcc/arm-none-eabi/8.2.1/../../../../arm-none-eabi/lib/thumb/v6-m/nofp\libcr_c.a(fseek.o)
 .comment       0x00000075       0x76 c:/nxp/mcuxpressoide_11.0.1_2563/ide/plugins/com.nxp.mcuxpresso.tools.win32_11.0.1.201907311258/tools/bin/../lib/gcc/arm-none-eabi/8.2.1/../../../../arm-none-eabi/lib/thumb/v6-m/nofp\libcr_c.a(ftell.o)
 .comment       0x00000075       0x76 c:/nxp/mcuxpressoide_11.0.1_2563/ide/plugins/com.nxp.mcuxpresso.tools.win32_11.0.1.201907311258/tools/bin/../lib/gcc/arm-none-eabi/8.2.1/../../../../arm-none-eabi/lib/thumb/v6-m/nofp\libcr_c.a(initio.o)
 .comment       0x00000075       0x76 c:/nxp/mcuxpressoide_11.0.1_2563/ide/plugins/com.nxp.mcuxpresso.tools.win32_11.0.1.201907311258/tools/bin/../lib/gcc/arm-none-eabi/8.2.1/../../../../arm-none-eabi/lib/thumb/v6-m/nofp\libcr_c.a(log.o)
 .comment       0x00000075       0x76 c:/nxp/mcuxpressoide_11.0.1_2563/ide/plugins/com.nxp.mcuxpresso.tools.win32_11.0.1.201907311258/tools/bin/../lib/gcc/arm-none-eabi/8.2.1/../../../../arm-none-eabi/lib/thumb/v6-m/nofp\libcr_c.a(printf.o)
 .comment       0x00000075       0x76 c:/nxp/mcuxpressoide_11.0.1_2563/ide/plugins/com.nxp.mcuxpresso.tools.win32_11.0.1.201907311258/tools/bin/../lib/gcc/arm-none-eabi/8.2.1/../../../../arm-none-eabi/lib/thumb/v6-m/nofp\libcr_c.a(setvbuf.o)
 .comment       0x00000075       0x76 c:/nxp/mcuxpressoide_11.0.1_2563/ide/plugins/com.nxp.mcuxpresso.tools.win32_11.0.1.201907311258/tools/bin/../lib/gcc/arm-none-eabi/8.2.1/../../../../arm-none-eabi/lib/thumb/v6-m/nofp\libcr_c.a(strcpy.o)
 .comment       0x00000075       0x76 c:/nxp/mcuxpressoide_11.0.1_2563/ide/plugins/com.nxp.mcuxpresso.tools.win32_11.0.1.201907311258/tools/bin/../lib/gcc/arm-none-eabi/8.2.1/../../../../arm-none-eabi/lib/thumb/v6-m/nofp\libcr_c.a(strlen.o)
 .comment       0x00000075       0x76 c:/nxp/mcuxpressoide_11.0.1_2563/ide/plugins/com.nxp.mcuxpresso.tools.win32_11.0.1.201907311258/tools/bin/../lib/gcc/arm-none-eabi/8.2.1/../../../../arm-none-eabi/lib/thumb/v6-m/nofp\libcr_c.a(__init_alloc.o)
 .comment       0x00000075       0x76 c:/nxp/mcuxpressoide_11.0.1_2563/ide/plugins/com.nxp.mcuxpresso.tools.win32_11.0.1.201907311258/tools/bin/../lib/gcc/arm-none-eabi/8.2.1/../../../../arm-none-eabi/lib/thumb/v6-m/nofp\libcr_c.a(_cr_sbrk.o)
 .comment       0x00000075       0x76 c:/nxp/mcuxpressoide_11.0.1_2563/ide/plugins/com.nxp.mcuxpresso.tools.win32_11.0.1.201907311258/tools/bin/../lib/gcc/arm-none-eabi/8.2.1/../../../../arm-none-eabi/lib/thumb/v6-m/nofp\libcr_c.a(_fdopen.o)
 .comment       0x00000075       0x76 c:/nxp/mcuxpressoide_11.0.1_2563/ide/plugins/com.nxp.mcuxpresso.tools.win32_11.0.1.201907311258/tools/bin/../lib/gcc/arm-none-eabi/8.2.1/../../../../arm-none-eabi/lib/thumb/v6-m/nofp\libcr_c.a(errno.o)
 .comment       0x00000075       0x76 c:/nxp/mcuxpressoide_11.0.1_2563/ide/plugins/com.nxp.mcuxpresso.tools.win32_11.0.1.201907311258/tools/bin/../lib/gcc/arm-none-eabi/8.2.1/../../../../arm-none-eabi/lib/thumb/v6-m/nofp\libcr_c.a(fclose.o)
 .comment       0x00000075       0x76 c:/nxp/mcuxpressoide_11.0.1_2563/ide/plugins/com.nxp.mcuxpresso.tools.win32_11.0.1.201907311258/tools/bin/../lib/gcc/arm-none-eabi/8.2.1/../../../../arm-none-eabi/lib/thumb/v6-m/nofp\libcr_c.a(fflush.o)
 .comment       0x00000075       0x76 c:/nxp/mcuxpressoide_11.0.1_2563/ide/plugins/com.nxp.mcuxpresso.tools.win32_11.0.1.201907311258/tools/bin/../lib/gcc/arm-none-eabi/8.2.1/../../../../arm-none-eabi/lib/thumb/v6-m/nofp\libcr_c.a(frexp.o)
 .comment       0x00000075       0x76 c:/nxp/mcuxpressoide_11.0.1_2563/ide/plugins/com.nxp.mcuxpresso.tools.win32_11.0.1.201907311258/tools/bin/../lib/gcc/arm-none-eabi/8.2.1/../../../../arm-none-eabi/lib/thumb/v6-m/nofp\libcr_c.a(remove.o)
 .comment       0x00000075       0x76 c:/nxp/mcuxpressoide_11.0.1_2563/ide/plugins/com.nxp.mcuxpresso.tools.win32_11.0.1.201907311258/tools/bin/../lib/gcc/arm-none-eabi/8.2.1/../../../../arm-none-eabi/lib/thumb/v6-m/nofp\libcr_c.a(_cr_check_heap.o)
 .comment       0x00000075       0x76 c:/nxp/mcuxpressoide_11.0.1_2563/ide/plugins/com.nxp.mcuxpresso.tools.win32_11.0.1.201907311258/tools/bin/../lib/gcc/arm-none-eabi/8.2.1/../../../../arm-none-eabi/lib/thumb/v6-m/nofp\libcr_c.a(_do_fflush.o)
 .comment       0x00000075       0x76 c:/nxp/mcuxpressoide_11.0.1_2563/ide/plugins/com.nxp.mcuxpresso.tools.win32_11.0.1.201907311258/tools/bin/../lib/gcc/arm-none-eabi/8.2.1/thumb/v6-m/nofp\libcr_eabihelpers.a(double.o)
 .comment       0x00000075       0x76 c:/nxp/mcuxpressoide_11.0.1_2563/ide/plugins/com.nxp.mcuxpresso.tools.win32_11.0.1.201907311258/tools/bin/../lib/gcc/arm-none-eabi/8.2.1/thumb/v6-m/nofp\libcr_eabihelpers.a(float.o)

.ARM.attributes
                0x00000000       0x2a
 .ARM.attributes
                0x00000000       0x2c ./utilities/fsl_debug_console.o
 .ARM.attributes
                0x0000002c       0x2c ./startup/startup_mkl25z4.o
 .ARM.attributes
                0x00000058       0x2c ./source/LCD_4bit.o
 .ARM.attributes
                0x00000084       0x2c ./source/Project5.o
 .ARM.attributes
                0x000000b0       0x2c ./source/adc.o
 .ARM.attributes
                0x000000dc       0x2c ./source/controller.o
 .ARM.attributes
                0x00000108       0x2c ./source/debug.o
 .ARM.attributes
                0x00000134       0x2c ./source/init.o
 .ARM.attributes
                0x00000160       0x2c ./source/interrupts.o
 .ARM.attributes
                0x0000018c       0x32 ./source/mtb.o
 .ARM.attributes
                0x000001be       0x2c ./source/pwm.o
 .ARM.attributes
                0x000001ea       0x2c ./source/semihost_hardfault.o
 .ARM.attributes
                0x00000216       0x2c ./source/updatestate.o
 .ARM.attributes
                0x00000242       0x2c ./drivers/fsl_clock.o
 .ARM.attributes
                0x0000026e       0x2c ./drivers/fsl_dma.o
 .ARM.attributes
                0x0000029a       0x2c ./drivers/fsl_i2c.o
 .ARM.attributes
                0x000002c6       0x2c ./drivers/fsl_lpsci.o
 .ARM.attributes
                0x000002f2       0x2c ./drivers/fsl_spi.o
 .ARM.attributes
                0x0000031e       0x2c ./drivers/fsl_uart.o
 .ARM.attributes
                0x0000034a       0x2c ./board/board.o
 .ARM.attributes
                0x00000376       0x2c ./board/clock_config.o
 .ARM.attributes
                0x000003a2       0x2c ./board/peripherals.o
 .ARM.attributes
                0x000003ce       0x2c ./board/pin_mux.o
 .ARM.attributes
                0x000003fa       0x2c ./CMSIS/system_MKL25Z4.o
 .ARM.attributes
                0x00000426       0x2c c:/nxp/mcuxpressoide_11.0.1_2563/ide/plugins/com.nxp.mcuxpresso.tools.win32_11.0.1.201907311258/tools/bin/../lib/gcc/arm-none-eabi/8.2.1/../../../../arm-none-eabi/lib/thumb/v6-m/nofp\libcr_semihost_nf.a(_cr__main.o)
 .ARM.attributes
                0x00000452       0x2c c:/nxp/mcuxpressoide_11.0.1_2563/ide/plugins/com.nxp.mcuxpresso.tools.win32_11.0.1.201907311258/tools/bin/../lib/gcc/arm-none-eabi/8.2.1/../../../../arm-none-eabi/lib/thumb/v6-m/nofp\libcr_semihost_nf.a(_cr_assert.o)
 .ARM.attributes
                0x0000047e       0x31 c:/nxp/mcuxpressoide_11.0.1_2563/ide/plugins/com.nxp.mcuxpresso.tools.win32_11.0.1.201907311258/tools/bin/../lib/gcc/arm-none-eabi/8.2.1/../../../../arm-none-eabi/lib/thumb/v6-m/nofp\libcr_semihost_nf.a(__ciob.o)
 .ARM.attributes
                0x000004af       0x1c c:/nxp/mcuxpressoide_11.0.1_2563/ide/plugins/com.nxp.mcuxpresso.tools.win32_11.0.1.201907311258/tools/bin/../lib/gcc/arm-none-eabi/8.2.1/../../../../arm-none-eabi/lib/thumb/v6-m/nofp\libcr_semihost_nf.a(__sys_appexit.o)
 .ARM.attributes
                0x000004cb       0x2c c:/nxp/mcuxpressoide_11.0.1_2563/ide/plugins/com.nxp.mcuxpresso.tools.win32_11.0.1.201907311258/tools/bin/../lib/gcc/arm-none-eabi/8.2.1/../../../../arm-none-eabi/lib/thumb/v6-m/nofp\libcr_c.a(memcpy.o)
 .ARM.attributes
                0x000004f7       0x2c c:/nxp/mcuxpressoide_11.0.1_2563/ide/plugins/com.nxp.mcuxpresso.tools.win32_11.0.1.201907311258/tools/bin/../lib/gcc/arm-none-eabi/8.2.1/../../../../arm-none-eabi/lib/thumb/v6-m/nofp\libcr_c.a(memset.o)
 .ARM.attributes
                0x00000523       0x2c c:/nxp/mcuxpressoide_11.0.1_2563/ide/plugins/com.nxp.mcuxpresso.tools.win32_11.0.1.201907311258/tools/bin/../lib/gcc/arm-none-eabi/8.2.1/../../../../arm-none-eabi/lib/thumb/v6-m/nofp\libcr_c.a(_deferredlazyseek.o)
 .ARM.attributes
                0x0000054f       0x2c c:/nxp/mcuxpressoide_11.0.1_2563/ide/plugins/com.nxp.mcuxpresso.tools.win32_11.0.1.201907311258/tools/bin/../lib/gcc/arm-none-eabi/8.2.1/../../../../arm-none-eabi/lib/thumb/v6-m/nofp\libcr_c.a(_fflush.o)
 .ARM.attributes
                0x0000057b       0x2c c:/nxp/mcuxpressoide_11.0.1_2563/ide/plugins/com.nxp.mcuxpresso.tools.win32_11.0.1.201907311258/tools/bin/../lib/gcc/arm-none-eabi/8.2.1/../../../../arm-none-eabi/lib/thumb/v6-m/nofp\libcr_c.a(_writebuf.o)
 .ARM.attributes
                0x000005a7       0x2c c:/nxp/mcuxpressoide_11.0.1_2563/ide/plugins/com.nxp.mcuxpresso.tools.win32_11.0.1.201907311258/tools/bin/../lib/gcc/arm-none-eabi/8.2.1/../../../../arm-none-eabi/lib/thumb/v6-m/nofp\libcr_c.a(alloc.o)
 .ARM.attributes
                0x000005d3       0x2c c:/nxp/mcuxpressoide_11.0.1_2563/ide/plugins/com.nxp.mcuxpresso.tools.win32_11.0.1.201907311258/tools/bin/../lib/gcc/arm-none-eabi/8.2.1/../../../../arm-none-eabi/lib/thumb/v6-m/nofp\libcr_c.a(fputs.o)
 .ARM.attributes
                0x000005ff       0x2c c:/nxp/mcuxpressoide_11.0.1_2563/ide/plugins/com.nxp.mcuxpresso.tools.win32_11.0.1.201907311258/tools/bin/../lib/gcc/arm-none-eabi/8.2.1/../../../../arm-none-eabi/lib/thumb/v6-m/nofp\libcr_c.a(fseek.o)
 .ARM.attributes
                0x0000062b       0x2c c:/nxp/mcuxpressoide_11.0.1_2563/ide/plugins/com.nxp.mcuxpresso.tools.win32_11.0.1.201907311258/tools/bin/../lib/gcc/arm-none-eabi/8.2.1/../../../../arm-none-eabi/lib/thumb/v6-m/nofp\libcr_c.a(ftell.o)
 .ARM.attributes
                0x00000657       0x2c c:/nxp/mcuxpressoide_11.0.1_2563/ide/plugins/com.nxp.mcuxpresso.tools.win32_11.0.1.201907311258/tools/bin/../lib/gcc/arm-none-eabi/8.2.1/../../../../arm-none-eabi/lib/thumb/v6-m/nofp\libcr_c.a(initio.o)
 .ARM.attributes
                0x00000683       0x2c c:/nxp/mcuxpressoide_11.0.1_2563/ide/plugins/com.nxp.mcuxpresso.tools.win32_11.0.1.201907311258/tools/bin/../lib/gcc/arm-none-eabi/8.2.1/../../../../arm-none-eabi/lib/thumb/v6-m/nofp\libcr_c.a(log.o)
 .ARM.attributes
                0x000006af       0x2c c:/nxp/mcuxpressoide_11.0.1_2563/ide/plugins/com.nxp.mcuxpresso.tools.win32_11.0.1.201907311258/tools/bin/../lib/gcc/arm-none-eabi/8.2.1/../../../../arm-none-eabi/lib/thumb/v6-m/nofp\libcr_c.a(printf.o)
 .ARM.attributes
                0x000006db       0x2c c:/nxp/mcuxpressoide_11.0.1_2563/ide/plugins/com.nxp.mcuxpresso.tools.win32_11.0.1.201907311258/tools/bin/../lib/gcc/arm-none-eabi/8.2.1/../../../../arm-none-eabi/lib/thumb/v6-m/nofp\libcr_c.a(setvbuf.o)
 .ARM.attributes
                0x00000707       0x2c c:/nxp/mcuxpressoide_11.0.1_2563/ide/plugins/com.nxp.mcuxpresso.tools.win32_11.0.1.201907311258/tools/bin/../lib/gcc/arm-none-eabi/8.2.1/../../../../arm-none-eabi/lib/thumb/v6-m/nofp\libcr_c.a(strcpy.o)
 .ARM.attributes
                0x00000733       0x2c c:/nxp/mcuxpressoide_11.0.1_2563/ide/plugins/com.nxp.mcuxpresso.tools.win32_11.0.1.201907311258/tools/bin/../lib/gcc/arm-none-eabi/8.2.1/../../../../arm-none-eabi/lib/thumb/v6-m/nofp\libcr_c.a(strlen.o)
 .ARM.attributes
                0x0000075f       0x2c c:/nxp/mcuxpressoide_11.0.1_2563/ide/plugins/com.nxp.mcuxpresso.tools.win32_11.0.1.201907311258/tools/bin/../lib/gcc/arm-none-eabi/8.2.1/../../../../arm-none-eabi/lib/thumb/v6-m/nofp\libcr_c.a(__init_alloc.o)
 .ARM.attributes
                0x0000078b       0x2c c:/nxp/mcuxpressoide_11.0.1_2563/ide/plugins/com.nxp.mcuxpresso.tools.win32_11.0.1.201907311258/tools/bin/../lib/gcc/arm-none-eabi/8.2.1/../../../../arm-none-eabi/lib/thumb/v6-m/nofp\libcr_c.a(_cr_sbrk.o)
 .ARM.attributes
                0x000007b7       0x2c c:/nxp/mcuxpressoide_11.0.1_2563/ide/plugins/com.nxp.mcuxpresso.tools.win32_11.0.1.201907311258/tools/bin/../lib/gcc/arm-none-eabi/8.2.1/../../../../arm-none-eabi/lib/thumb/v6-m/nofp\libcr_c.a(_fdopen.o)
 .ARM.attributes
                0x000007e3       0x31 c:/nxp/mcuxpressoide_11.0.1_2563/ide/plugins/com.nxp.mcuxpresso.tools.win32_11.0.1.201907311258/tools/bin/../lib/gcc/arm-none-eabi/8.2.1/../../../../arm-none-eabi/lib/thumb/v6-m/nofp\libcr_c.a(errno.o)
 .ARM.attributes
                0x00000814       0x2c c:/nxp/mcuxpressoide_11.0.1_2563/ide/plugins/com.nxp.mcuxpresso.tools.win32_11.0.1.201907311258/tools/bin/../lib/gcc/arm-none-eabi/8.2.1/../../../../arm-none-eabi/lib/thumb/v6-m/nofp\libcr_c.a(fclose.o)
 .ARM.attributes
                0x00000840       0x2c c:/nxp/mcuxpressoide_11.0.1_2563/ide/plugins/com.nxp.mcuxpresso.tools.win32_11.0.1.201907311258/tools/bin/../lib/gcc/arm-none-eabi/8.2.1/../../../../arm-none-eabi/lib/thumb/v6-m/nofp\libcr_c.a(fflush.o)
 .ARM.attributes
                0x0000086c       0x2c c:/nxp/mcuxpressoide_11.0.1_2563/ide/plugins/com.nxp.mcuxpresso.tools.win32_11.0.1.201907311258/tools/bin/../lib/gcc/arm-none-eabi/8.2.1/../../../../arm-none-eabi/lib/thumb/v6-m/nofp\libcr_c.a(frexp.o)
 .ARM.attributes
                0x00000898       0x2c c:/nxp/mcuxpressoide_11.0.1_2563/ide/plugins/com.nxp.mcuxpresso.tools.win32_11.0.1.201907311258/tools/bin/../lib/gcc/arm-none-eabi/8.2.1/../../../../arm-none-eabi/lib/thumb/v6-m/nofp\libcr_c.a(remove.o)
 .ARM.attributes
                0x000008c4       0x2c c:/nxp/mcuxpressoide_11.0.1_2563/ide/plugins/com.nxp.mcuxpresso.tools.win32_11.0.1.201907311258/tools/bin/../lib/gcc/arm-none-eabi/8.2.1/../../../../arm-none-eabi/lib/thumb/v6-m/nofp\libcr_c.a(_cr_check_heap.o)
 .ARM.attributes
                0x000008f0       0x2c c:/nxp/mcuxpressoide_11.0.1_2563/ide/plugins/com.nxp.mcuxpresso.tools.win32_11.0.1.201907311258/tools/bin/../lib/gcc/arm-none-eabi/8.2.1/../../../../arm-none-eabi/lib/thumb/v6-m/nofp\libcr_c.a(_do_fflush.o)
 .ARM.attributes
                0x0000091c       0x1c c:/nxp/mcuxpressoide_11.0.1_2563/ide/plugins/com.nxp.mcuxpresso.tools.win32_11.0.1.201907311258/tools/bin/../lib/gcc/arm-none-eabi/8.2.1/thumb/v6-m/nofp\libcr_eabihelpers.a(division_32.o)
 .ARM.attributes
                0x00000938       0x1c c:/nxp/mcuxpressoide_11.0.1_2563/ide/plugins/com.nxp.mcuxpresso.tools.win32_11.0.1.201907311258/tools/bin/../lib/gcc/arm-none-eabi/8.2.1/thumb/v6-m/nofp\libcr_eabihelpers.a(division_idiv0.o)
 .ARM.attributes
                0x00000954       0x2c c:/nxp/mcuxpressoide_11.0.1_2563/ide/plugins/com.nxp.mcuxpresso.tools.win32_11.0.1.201907311258/tools/bin/../lib/gcc/arm-none-eabi/8.2.1/thumb/v6-m/nofp\libcr_eabihelpers.a(double.o)
 .ARM.attributes
                0x00000980       0x2c c:/nxp/mcuxpressoide_11.0.1_2563/ide/plugins/com.nxp.mcuxpresso.tools.win32_11.0.1.201907311258/tools/bin/../lib/gcc/arm-none-eabi/8.2.1/thumb/v6-m/nofp\libcr_eabihelpers.a(float.o)
 .ARM.attributes
                0x000009ac       0x1c c:/nxp/mcuxpressoide_11.0.1_2563/ide/plugins/com.nxp.mcuxpresso.tools.win32_11.0.1.201907311258/tools/bin/../lib/gcc/arm-none-eabi/8.2.1/thumb/v6-m/nofp\libcr_eabihelpers.a(llong.o)
 .ARM.attributes
                0x000009c8       0x1c c:/nxp/mcuxpressoide_11.0.1_2563/ide/plugins/com.nxp.mcuxpresso.tools.win32_11.0.1.201907311258/tools/bin/../lib/gcc/arm-none-eabi/8.2.1/thumb/v6-m/nofp\libcr_eabihelpers.a(memcpy.o)
 .ARM.attributes
                0x000009e4       0x1c c:/nxp/mcuxpressoide_11.0.1_2563/ide/plugins/com.nxp.mcuxpresso.tools.win32_11.0.1.201907311258/tools/bin/../lib/gcc/arm-none-eabi/8.2.1/../../../../arm-none-eabi/lib/thumb/v6-m/nofp\libcr_semihost_nf.a(__sys_close.o)
 .ARM.attributes
                0x00000a00       0x1c c:/nxp/mcuxpressoide_11.0.1_2563/ide/plugins/com.nxp.mcuxpresso.tools.win32_11.0.1.201907311258/tools/bin/../lib/gcc/arm-none-eabi/8.2.1/../../../../arm-none-eabi/lib/thumb/v6-m/nofp\libcr_semihost_nf.a(__sys_flen.o)
 .ARM.attributes
                0x00000a1c       0x1c c:/nxp/mcuxpressoide_11.0.1_2563/ide/plugins/com.nxp.mcuxpresso.tools.win32_11.0.1.201907311258/tools/bin/../lib/gcc/arm-none-eabi/8.2.1/../../../../arm-none-eabi/lib/thumb/v6-m/nofp\libcr_semihost_nf.a(__sys_istty.o)
 .ARM.attributes
                0x00000a38       0x1c c:/nxp/mcuxpressoide_11.0.1_2563/ide/plugins/com.nxp.mcuxpresso.tools.win32_11.0.1.201907311258/tools/bin/../lib/gcc/arm-none-eabi/8.2.1/../../../../arm-none-eabi/lib/thumb/v6-m/nofp\libcr_semihost_nf.a(__sys_remove.o)
 .ARM.attributes
                0x00000a54       0x1c c:/nxp/mcuxpressoide_11.0.1_2563/ide/plugins/com.nxp.mcuxpresso.tools.win32_11.0.1.201907311258/tools/bin/../lib/gcc/arm-none-eabi/8.2.1/../../../../arm-none-eabi/lib/thumb/v6-m/nofp\libcr_semihost_nf.a(__sys_seek.o)
 .ARM.attributes
                0x00000a70       0x1c c:/nxp/mcuxpressoide_11.0.1_2563/ide/plugins/com.nxp.mcuxpresso.tools.win32_11.0.1.201907311258/tools/bin/../lib/gcc/arm-none-eabi/8.2.1/../../../../arm-none-eabi/lib/thumb/v6-m/nofp\libcr_semihost_nf.a(__sys_tmpnam.o)
 .ARM.attributes
                0x00000a8c       0x1c c:/nxp/mcuxpressoide_11.0.1_2563/ide/plugins/com.nxp.mcuxpresso.tools.win32_11.0.1.201907311258/tools/bin/../lib/gcc/arm-none-eabi/8.2.1/../../../../arm-none-eabi/lib/thumb/v6-m/nofp\libcr_semihost_nf.a(__sys_write.o)

.debug_frame    0x00000000     0x2820
 .debug_frame   0x00000000       0xcc ./utilities/fsl_debug_console.o
 .debug_frame   0x000000cc      0x3b0 ./startup/startup_mkl25z4.o
 .debug_frame   0x0000047c      0x180 ./source/LCD_4bit.o
 .debug_frame   0x000005fc       0x2c ./source/Project5.o
 .debug_frame   0x00000628       0x50 ./source/adc.o
 .debug_frame   0x00000678       0x68 ./source/controller.o
 .debug_frame   0x000006e0       0x80 ./source/debug.o
 .debug_frame   0x00000760       0xf0 ./source/init.o
 .debug_frame   0x00000850       0xac ./source/interrupts.o
 .debug_frame   0x000008fc       0x50 ./source/pwm.o
 .debug_frame   0x0000094c       0x20 ./source/semihost_hardfault.o
 .debug_frame   0x0000096c       0x30 ./source/updatestate.o
 .debug_frame   0x0000099c      0x6e0 ./drivers/fsl_clock.o
 .debug_frame   0x0000107c      0x2e0 ./drivers/fsl_dma.o
 .debug_frame   0x0000135c      0x58c ./drivers/fsl_i2c.o
 .debug_frame   0x000018e8      0x418 ./drivers/fsl_lpsci.o
 .debug_frame   0x00001d00      0x468 ./drivers/fsl_spi.o
 .debug_frame   0x00002168      0x468 ./drivers/fsl_uart.o
 .debug_frame   0x000025d0       0x50 ./board/board.o
 .debug_frame   0x00002620      0x100 ./board/clock_config.o
 .debug_frame   0x00002720       0x2c ./board/peripherals.o
 .debug_frame   0x0000274c       0x88 ./board/pin_mux.o
 .debug_frame   0x000027d4       0x4c ./CMSIS/system_MKL25Z4.o